-- The C compiler identification is GNU 11.4.0
-- The CXX compiler identification is GNU 11.4.0
-- Detecting C compiler ABI info
-- Detecting C compiler ABI info - done
-- Check for working C compiler: /usr/bin/cc - skipped
-- Detecting C compile features
-- Detecting C compile features - done
-- Detecting CXX compiler ABI info
-- Detecting CXX compiler ABI info - done
-- Check for working CXX compiler: /usr/bin/c++ - skipped
-- Detecting CXX compile features
-- Detecting CXX compile features - done
-- Found ament_cmake: 1.3.14 (/opt/ros/humble/share/ament_cmake/cmake)
-- Found Python3: /usr/bin/python3 (found version "3.10.12") found components: Interpreter 
-- Override CMake install command with custom implementation using symlinks instead of copying resources
-- Found rclcpp: 16.0.19 (/opt/ros/humble/share/rclcpp/cmake)
-- Found rosidl_generator_c: 3.1.8 (/opt/ros/humble/share/rosidl_generator_c/cmake)
-- Found rosidl_adapter: 3.1.8 (/opt/ros/humble/share/rosidl_adapter/cmake)
-- Found rosidl_generator_cpp: 3.1.8 (/opt/ros/humble/share/rosidl_generator_cpp/cmake)
-- Using all available rosidl_typesupport_c: rosidl_typesupport_fastrtps_c;rosidl_typesupport_introspection_c
-- Using all available rosidl_typesupport_cpp: rosidl_typesupport_fastrtps_cpp;rosidl_typesupport_introspection_cpp
-- Found rmw_implementation_cmake: 6.1.2 (/opt/ros/humble/share/rmw_implementation_cmake/cmake)
-- Found rmw_fastrtps_cpp: 6.2.10 (/opt/ros/humble/share/rmw_fastrtps_cpp/cmake)
-- Found OpenSSL: /usr/lib/x86_64-linux-gnu/libcrypto.so (found version "3.0.2")  
-- Found FastRTPS: /opt/ros/humble/include  
-- Using RMW implementation 'rmw_fastrtps_cpp' as default
-- Looking for pthread.h
-- Looking for pthread.h - found
-- Performing Test CMAKE_HAVE_LIBC_PTHREAD
-- Performing Test CMAKE_HAVE_LIBC_PTHREAD - Success
-- Found Threads: TRUE  
-- Found sensor_msgs: 4.9.1 (/opt/ros/humble/share/sensor_msgs/cmake)
-- Found ament_lint_auto: 0.12.15 (/opt/ros/humble/share/ament_lint_auto/cmake)
-- Added test 'cppcheck' to perform static code analysis on C / C++ code
-- Configured cppcheck include dirs: $<BUILD_INTERFACE:/home/ehab/Documents/ITI_9Months/ROS/02-Lab1/src/velocity_pkg/include>
-- Configured cppcheck exclude dirs and/or files: 
-- Added test 'lint_cmake' to check CMake code style
-- Added test 'uncrustify' to check C / C++ code style
-- Configured uncrustify additional arguments: 
-- Added test 'xmllint' to check XML markup files
-- Configuring done
-- Generating done
-- Build files have been written to: /home/ehab/Documents/ITI_9Months/ROS/02-Lab1/build/velocity_pkg
[ 50%] [32mBuilding CXX object CMakeFiles/velocity_sub.dir/src/velocity_sub.cpp.o[0m
[100%] [32m[1mLinking CXX executable velocity_sub[0m
[100%] Built target velocity_sub
-- Install configuration: ""
-- Execute custom install script
-- Symlinking: /home/ehab/Documents/ITI_9Months/ROS/02-Lab1/install/velocity_pkg/lib/velocity_pkg/velocity_sub
-- Symlinking: /home/ehab/Documents/ITI_9Months/ROS/02-Lab1/install/velocity_pkg/share/ament_index/resource_index/package_run_dependencies/velocity_pkg
-- Symlinking: /home/ehab/Documents/ITI_9Months/ROS/02-Lab1/install/velocity_pkg/share/ament_index/resource_index/parent_prefix_path/velocity_pkg
-- Symlinking: /home/ehab/Documents/ITI_9Months/ROS/02-Lab1/install/velocity_pkg/share/velocity_pkg/environment/ament_prefix_path.sh
-- Symlinking: /home/ehab/Documents/ITI_9Months/ROS/02-Lab1/install/velocity_pkg/share/velocity_pkg/environment/ament_prefix_path.dsv
-- Symlinking: /home/ehab/Documents/ITI_9Months/ROS/02-Lab1/install/velocity_pkg/share/velocity_pkg/environment/path.sh
-- Symlinking: /home/ehab/Documents/ITI_9Months/ROS/02-Lab1/install/velocity_pkg/share/velocity_pkg/environment/path.dsv
-- Symlinking: /home/ehab/Documents/ITI_9Months/ROS/02-Lab1/install/velocity_pkg/share/velocity_pkg/local_setup.bash
-- Symlinking: /home/ehab/Documents/ITI_9Months/ROS/02-Lab1/install/velocity_pkg/share/velocity_pkg/local_setup.sh
-- Symlinking: /home/ehab/Documents/ITI_9Months/ROS/02-Lab1/install/velocity_pkg/share/velocity_pkg/local_setup.zsh
-- Symlinking: /home/ehab/Documents/ITI_9Months/ROS/02-Lab1/install/velocity_pkg/share/velocity_pkg/local_setup.dsv
-- Symlinking: /home/ehab/Documents/ITI_9Months/ROS/02-Lab1/install/velocity_pkg/share/velocity_pkg/package.dsv
-- Symlinking: /home/ehab/Documents/ITI_9Months/ROS/02-Lab1/install/velocity_pkg/share/ament_index/resource_index/packages/velocity_pkg
-- Symlinking: /home/ehab/Documents/ITI_9Months/ROS/02-Lab1/install/velocity_pkg/share/velocity_pkg/cmake/velocity_pkgConfig.cmake
-- Symlinking: /home/ehab/Documents/ITI_9Months/ROS/02-Lab1/install/velocity_pkg/share/velocity_pkg/cmake/velocity_pkgConfig-version.cmake
-- Symlinking: /home/ehab/Documents/ITI_9Months/ROS/02-Lab1/install/velocity_pkg/share/velocity_pkg/package.xml
