[0.347s] Invoking command in '/home/ehab/Documents/ITI_9Months/ROS/02-Lab1/build/velocity_pkg': CMAKE_PREFIX_PATH=${CMAKE_PREFIX_PATH}:/home/ehab/Documents/ITI_9Months/ROS/02-IMUGeometryMSG/install/obstacle_detection:/opt/ros/humble /usr/bin/cmake /home/ehab/Documents/ITI_9Months/ROS/02-Lab1/src/velocity_pkg -DAMENT_CMAKE_SYMLINK_INSTALL=1 -DCMAKE_INSTALL_PREFIX=/home/ehab/Documents/ITI_9Months/ROS/02-Lab1/install/velocity_pkg
[0.606s] -- The C compiler identification is GNU 11.4.0
[0.764s] -- The CXX compiler identification is GNU 11.4.0
[0.775s] -- Detecting C compiler ABI info
[0.857s] -- Detecting C compiler ABI info - done
[0.863s] -- Check for working C compiler: /usr/bin/cc - skipped
[0.863s] -- Detecting C compile features
[0.864s] -- Detecting C compile features - done
[0.867s] -- Detecting CXX compiler ABI info
[0.944s] -- Detecting CXX compiler ABI info - done
[0.950s] -- Check for working CXX compiler: /usr/bin/c++ - skipped
[0.950s] -- Detecting CXX compile features
[0.951s] -- Detecting CXX compile features - done
[0.962s] -- Found ament_cmake: 1.3.14 (/opt/ros/humble/share/ament_cmake/cmake)
[1.322s] -- Found Python3: /usr/bin/python3 (found version "3.10.12") found components: Interpreter 
[1.385s] -- Override CMake install command with custom implementation using symlinks instead of copying resources
[1.421s] -- Found rclcpp: 16.0.19 (/opt/ros/humble/share/rclcpp/cmake)
[1.484s] -- Found rosidl_generator_c: 3.1.8 (/opt/ros/humble/share/rosidl_generator_c/cmake)
[1.490s] -- Found rosidl_adapter: 3.1.8 (/opt/ros/humble/share/rosidl_adapter/cmake)
[1.505s] -- Found rosidl_generator_cpp: 3.1.8 (/opt/ros/humble/share/rosidl_generator_cpp/cmake)
[1.522s] -- Using all available rosidl_typesupport_c: rosidl_typesupport_fastrtps_c;rosidl_typesupport_introspection_c
[1.541s] -- Using all available rosidl_typesupport_cpp: rosidl_typesupport_fastrtps_cpp;rosidl_typesupport_introspection_cpp
[1.596s] -- Found rmw_implementation_cmake: 6.1.2 (/opt/ros/humble/share/rmw_implementation_cmake/cmake)
[1.600s] -- Found rmw_fastrtps_cpp: 6.2.10 (/opt/ros/humble/share/rmw_fastrtps_cpp/cmake)
[1.726s] -- Found OpenSSL: /usr/lib/x86_64-linux-gnu/libcrypto.so (found version "3.0.2")  
[1.760s] -- Found FastRTPS: /opt/ros/humble/include  
[1.809s] -- Using RMW implementation 'rmw_fastrtps_cpp' as default
[1.823s] -- Looking for pthread.h
[1.918s] -- Looking for pthread.h - found
[1.919s] -- Performing Test CMAKE_HAVE_LIBC_PTHREAD
[1.988s] -- Performing Test CMAKE_HAVE_LIBC_PTHREAD - Success
[1.989s] -- Found Threads: TRUE  
[2.052s] -- Found sensor_msgs: 4.9.1 (/opt/ros/humble/share/sensor_msgs/cmake)
[2.088s] -- Found ament_lint_auto: 0.12.15 (/opt/ros/humble/share/ament_lint_auto/cmake)
[2.202s] -- Added test 'cppcheck' to perform static code analysis on C / C++ code
[2.202s] -- Configured cppcheck include dirs: $<BUILD_INTERFACE:/home/ehab/Documents/ITI_9Months/ROS/02-Lab1/src/velocity_pkg/include>
[2.202s] -- Configured cppcheck exclude dirs and/or files: 
[2.203s] -- Added test 'lint_cmake' to check CMake code style
[2.205s] -- Added test 'uncrustify' to check C / C++ code style
[2.205s] -- Configured uncrustify additional arguments: 
[2.205s] -- Added test 'xmllint' to check XML markup files
[2.208s] -- Configuring done
[2.221s] -- Generating done
[2.224s] -- Build files have been written to: /home/ehab/Documents/ITI_9Months/ROS/02-Lab1/build/velocity_pkg
[2.236s] Invoked command in '/home/ehab/Documents/ITI_9Months/ROS/02-Lab1/build/velocity_pkg' returned '0': CMAKE_PREFIX_PATH=${CMAKE_PREFIX_PATH}:/home/ehab/Documents/ITI_9Months/ROS/02-IMUGeometryMSG/install/obstacle_detection:/opt/ros/humble /usr/bin/cmake /home/ehab/Documents/ITI_9Months/ROS/02-Lab1/src/velocity_pkg -DAMENT_CMAKE_SYMLINK_INSTALL=1 -DCMAKE_INSTALL_PREFIX=/home/ehab/Documents/ITI_9Months/ROS/02-Lab1/install/velocity_pkg
[2.237s] Invoking command in '/home/ehab/Documents/ITI_9Months/ROS/02-Lab1/build/velocity_pkg': CMAKE_PREFIX_PATH=${CMAKE_PREFIX_PATH}:/home/ehab/Documents/ITI_9Months/ROS/02-IMUGeometryMSG/install/obstacle_detection:/opt/ros/humble /usr/bin/cmake --build /home/ehab/Documents/ITI_9Months/ROS/02-Lab1/build/velocity_pkg -- -j16 -l16
[2.284s] [ 50%] [32mBuilding CXX object CMakeFiles/velocity_sub.dir/src/velocity_sub.cpp.o[0m
[9.599s] [100%] [32m[1mLinking CXX executable velocity_sub[0m
[9.902s] [100%] Built target velocity_sub
[9.915s] Invoked command in '/home/ehab/Documents/ITI_9Months/ROS/02-Lab1/build/velocity_pkg' returned '0': CMAKE_PREFIX_PATH=${CMAKE_PREFIX_PATH}:/home/ehab/Documents/ITI_9Months/ROS/02-IMUGeometryMSG/install/obstacle_detection:/opt/ros/humble /usr/bin/cmake --build /home/ehab/Documents/ITI_9Months/ROS/02-Lab1/build/velocity_pkg -- -j16 -l16
[9.916s] Invoking command in '/home/ehab/Documents/ITI_9Months/ROS/02-Lab1/build/velocity_pkg': CMAKE_PREFIX_PATH=${CMAKE_PREFIX_PATH}:/home/ehab/Documents/ITI_9Months/ROS/02-IMUGeometryMSG/install/obstacle_detection:/opt/ros/humble /usr/bin/cmake --install /home/ehab/Documents/ITI_9Months/ROS/02-Lab1/build/velocity_pkg
[9.924s] -- Install configuration: ""
[9.924s] -- Execute custom install script
[9.924s] -- Symlinking: /home/ehab/Documents/ITI_9Months/ROS/02-Lab1/install/velocity_pkg/lib/velocity_pkg/velocity_sub
[9.933s] -- Symlinking: /home/ehab/Documents/ITI_9Months/ROS/02-Lab1/install/velocity_pkg/share/ament_index/resource_index/package_run_dependencies/velocity_pkg
[9.942s] -- Symlinking: /home/ehab/Documents/ITI_9Months/ROS/02-Lab1/install/velocity_pkg/share/ament_index/resource_index/parent_prefix_path/velocity_pkg
[9.950s] -- Symlinking: /home/ehab/Documents/ITI_9Months/ROS/02-Lab1/install/velocity_pkg/share/velocity_pkg/environment/ament_prefix_path.sh
[9.958s] -- Symlinking: /home/ehab/Documents/ITI_9Months/ROS/02-Lab1/install/velocity_pkg/share/velocity_pkg/environment/ament_prefix_path.dsv
[9.966s] -- Symlinking: /home/ehab/Documents/ITI_9Months/ROS/02-Lab1/install/velocity_pkg/share/velocity_pkg/environment/path.sh
[9.974s] -- Symlinking: /home/ehab/Documents/ITI_9Months/ROS/02-Lab1/install/velocity_pkg/share/velocity_pkg/environment/path.dsv
[9.981s] -- Symlinking: /home/ehab/Documents/ITI_9Months/ROS/02-Lab1/install/velocity_pkg/share/velocity_pkg/local_setup.bash
[9.990s] -- Symlinking: /home/ehab/Documents/ITI_9Months/ROS/02-Lab1/install/velocity_pkg/share/velocity_pkg/local_setup.sh
[9.999s] -- Symlinking: /home/ehab/Documents/ITI_9Months/ROS/02-Lab1/install/velocity_pkg/share/velocity_pkg/local_setup.zsh
[10.007s] -- Symlinking: /home/ehab/Documents/ITI_9Months/ROS/02-Lab1/install/velocity_pkg/share/velocity_pkg/local_setup.dsv
[10.016s] -- Symlinking: /home/ehab/Documents/ITI_9Months/ROS/02-Lab1/install/velocity_pkg/share/velocity_pkg/package.dsv
[10.026s] -- Symlinking: /home/ehab/Documents/ITI_9Months/ROS/02-Lab1/install/velocity_pkg/share/ament_index/resource_index/packages/velocity_pkg
[10.034s] -- Symlinking: /home/ehab/Documents/ITI_9Months/ROS/02-Lab1/install/velocity_pkg/share/velocity_pkg/cmake/velocity_pkgConfig.cmake
[10.042s] -- Symlinking: /home/ehab/Documents/ITI_9Months/ROS/02-Lab1/install/velocity_pkg/share/velocity_pkg/cmake/velocity_pkgConfig-version.cmake
[10.050s] -- Symlinking: /home/ehab/Documents/ITI_9Months/ROS/02-Lab1/install/velocity_pkg/share/velocity_pkg/package.xml
[10.061s] Invoked command in '/home/ehab/Documents/ITI_9Months/ROS/02-Lab1/build/velocity_pkg' returned '0': CMAKE_PREFIX_PATH=${CMAKE_PREFIX_PATH}:/home/ehab/Documents/ITI_9Months/ROS/02-IMUGeometryMSG/install/obstacle_detection:/opt/ros/humble /usr/bin/cmake --install /home/ehab/Documents/ITI_9Months/ROS/02-Lab1/build/velocity_pkg
