[0.351s] Invoking command in '/home/ehab/Documents/ITI_9Months/ROS/02-Lab1/build/temp_pub': CMAKE_PREFIX_PATH=${CMAKE_PREFIX_PATH}:/home/ehab/Documents/ITI_9Months/ROS/02-IMUGeometryMSG/install/obstacle_detection:/opt/ros/humble /usr/bin/cmake /home/ehab/Documents/ITI_9Months/ROS/02-Lab1/src/temp_pub -DAMENT_CMAKE_SYMLINK_INSTALL=1 -DCMAKE_INSTALL_PREFIX=/home/ehab/Documents/ITI_9Months/ROS/02-Lab1/install/temp_pub
[0.612s] -- The C compiler identification is GNU 11.4.0
[0.771s] -- The CXX compiler identification is GNU 11.4.0
[0.782s] -- Detecting C compiler ABI info
[0.867s] -- Detecting C compiler ABI info - done
[0.872s] -- Check for working C compiler: /usr/bin/cc - skipped
[0.873s] -- Detecting C compile features
[0.873s] -- Detecting C compile features - done
[0.875s] -- Detecting CXX compiler ABI info
[0.953s] -- Detecting CXX compiler ABI info - done
[0.961s] -- Check for working CXX compiler: /usr/bin/c++ - skipped
[0.962s] -- Detecting CXX compile features
[0.962s] -- Detecting CXX compile features - done
[0.970s] -- Found ament_cmake: 1.3.14 (/opt/ros/humble/share/ament_cmake/cmake)
[1.328s] -- Found Python3: /usr/bin/python3 (found version "3.10.12") found components: Interpreter 
[1.392s] -- Override CMake install command with custom implementation using symlinks instead of copying resources
[1.428s] -- Found rclcpp: 16.0.19 (/opt/ros/humble/share/rclcpp/cmake)
[1.491s] -- Found rosidl_generator_c: 3.1.8 (/opt/ros/humble/share/rosidl_generator_c/cmake)
[1.498s] -- Found rosidl_adapter: 3.1.8 (/opt/ros/humble/share/rosidl_adapter/cmake)
[1.510s] -- Found rosidl_generator_cpp: 3.1.8 (/opt/ros/humble/share/rosidl_generator_cpp/cmake)
[1.530s] -- Using all available rosidl_typesupport_c: rosidl_typesupport_fastrtps_c;rosidl_typesupport_introspection_c
[1.548s] -- Using all available rosidl_typesupport_cpp: rosidl_typesupport_fastrtps_cpp;rosidl_typesupport_introspection_cpp
[1.603s] -- Found rmw_implementation_cmake: 6.1.2 (/opt/ros/humble/share/rmw_implementation_cmake/cmake)
[1.606s] -- Found rmw_fastrtps_cpp: 6.2.10 (/opt/ros/humble/share/rmw_fastrtps_cpp/cmake)
[1.733s] -- Found OpenSSL: /usr/lib/x86_64-linux-gnu/libcrypto.so (found version "3.0.2")  
[1.767s] -- Found FastRTPS: /opt/ros/humble/include  
[1.817s] -- Using RMW implementation 'rmw_fastrtps_cpp' as default
[1.830s] -- Looking for pthread.h
[1.919s] -- Looking for pthread.h - found
[1.919s] -- Performing Test CMAKE_HAVE_LIBC_PTHREAD
[1.996s] -- Performing Test CMAKE_HAVE_LIBC_PTHREAD - Success
[1.997s] -- Found Threads: TRUE  
[2.059s] -- Found sensor_msgs: 4.9.1 (/opt/ros/humble/share/sensor_msgs/cmake)
[2.094s] -- Found nav_msgs: 4.9.1 (/opt/ros/humble/share/nav_msgs/cmake)
[2.112s] -- Found ament_lint_auto: 0.12.15 (/opt/ros/humble/share/ament_lint_auto/cmake)
[2.215s] -- Added test 'cppcheck' to perform static code analysis on C / C++ code
[2.215s] -- Configured cppcheck include dirs: 
[2.215s] -- Configured cppcheck exclude dirs and/or files: 
[2.216s] -- Added test 'lint_cmake' to check CMake code style
[2.217s] -- Added test 'uncrustify' to check C / C++ code style
[2.217s] -- Configured uncrustify additional arguments: 
[2.217s] -- Added test 'xmllint' to check XML markup files
[2.222s] -- Configuring done
[2.232s] -- Generating done
[2.235s] -- Build files have been written to: /home/ehab/Documents/ITI_9Months/ROS/02-Lab1/build/temp_pub
[2.247s] Invoked command in '/home/ehab/Documents/ITI_9Months/ROS/02-Lab1/build/temp_pub' returned '0': CMAKE_PREFIX_PATH=${CMAKE_PREFIX_PATH}:/home/ehab/Documents/ITI_9Months/ROS/02-IMUGeometryMSG/install/obstacle_detection:/opt/ros/humble /usr/bin/cmake /home/ehab/Documents/ITI_9Months/ROS/02-Lab1/src/temp_pub -DAMENT_CMAKE_SYMLINK_INSTALL=1 -DCMAKE_INSTALL_PREFIX=/home/ehab/Documents/ITI_9Months/ROS/02-Lab1/install/temp_pub
[2.247s] Invoking command in '/home/ehab/Documents/ITI_9Months/ROS/02-Lab1/build/temp_pub': CMAKE_PREFIX_PATH=${CMAKE_PREFIX_PATH}:/home/ehab/Documents/ITI_9Months/ROS/02-IMUGeometryMSG/install/obstacle_detection:/opt/ros/humble /usr/bin/cmake --build /home/ehab/Documents/ITI_9Months/ROS/02-Lab1/build/temp_pub -- -j16 -l16
[2.291s] [ 50%] [32mBuilding CXX object CMakeFiles/tempPublisher.dir/src/tempPublisher.cpp.o[0m
[6.363s] [100%] [32m[1mLinking CXX executable tempPublisher[0m
[6.558s] [100%] Built target tempPublisher
[6.570s] Invoked command in '/home/ehab/Documents/ITI_9Months/ROS/02-Lab1/build/temp_pub' returned '0': CMAKE_PREFIX_PATH=${CMAKE_PREFIX_PATH}:/home/ehab/Documents/ITI_9Months/ROS/02-IMUGeometryMSG/install/obstacle_detection:/opt/ros/humble /usr/bin/cmake --build /home/ehab/Documents/ITI_9Months/ROS/02-Lab1/build/temp_pub -- -j16 -l16
[6.571s] Invoking command in '/home/ehab/Documents/ITI_9Months/ROS/02-Lab1/build/temp_pub': CMAKE_PREFIX_PATH=${CMAKE_PREFIX_PATH}:/home/ehab/Documents/ITI_9Months/ROS/02-IMUGeometryMSG/install/obstacle_detection:/opt/ros/humble /usr/bin/cmake --install /home/ehab/Documents/ITI_9Months/ROS/02-Lab1/build/temp_pub
[6.579s] -- Install configuration: ""
[6.579s] -- Execute custom install script
[6.580s] -- Symlinking: /home/ehab/Documents/ITI_9Months/ROS/02-Lab1/install/temp_pub/share/ament_index/resource_index/package_run_dependencies/temp_pub
[6.591s] -- Symlinking: /home/ehab/Documents/ITI_9Months/ROS/02-Lab1/install/temp_pub/share/ament_index/resource_index/parent_prefix_path/temp_pub
[6.600s] -- Symlinking: /home/ehab/Documents/ITI_9Months/ROS/02-Lab1/install/temp_pub/share/temp_pub/environment/ament_prefix_path.sh
[6.610s] -- Symlinking: /home/ehab/Documents/ITI_9Months/ROS/02-Lab1/install/temp_pub/share/temp_pub/environment/ament_prefix_path.dsv
[6.621s] -- Symlinking: /home/ehab/Documents/ITI_9Months/ROS/02-Lab1/install/temp_pub/share/temp_pub/environment/path.sh
[6.630s] -- Symlinking: /home/ehab/Documents/ITI_9Months/ROS/02-Lab1/install/temp_pub/share/temp_pub/environment/path.dsv
[6.640s] -- Symlinking: /home/ehab/Documents/ITI_9Months/ROS/02-Lab1/install/temp_pub/share/temp_pub/local_setup.bash
[6.649s] -- Symlinking: /home/ehab/Documents/ITI_9Months/ROS/02-Lab1/install/temp_pub/share/temp_pub/local_setup.sh
[6.657s] -- Symlinking: /home/ehab/Documents/ITI_9Months/ROS/02-Lab1/install/temp_pub/share/temp_pub/local_setup.zsh
[6.666s] -- Symlinking: /home/ehab/Documents/ITI_9Months/ROS/02-Lab1/install/temp_pub/share/temp_pub/local_setup.dsv
[6.675s] -- Symlinking: /home/ehab/Documents/ITI_9Months/ROS/02-Lab1/install/temp_pub/share/temp_pub/package.dsv
[6.684s] -- Symlinking: /home/ehab/Documents/ITI_9Months/ROS/02-Lab1/install/temp_pub/share/ament_index/resource_index/packages/temp_pub
[6.693s] -- Symlinking: /home/ehab/Documents/ITI_9Months/ROS/02-Lab1/install/temp_pub/share/temp_pub/cmake/temp_pubConfig.cmake
[6.702s] -- Symlinking: /home/ehab/Documents/ITI_9Months/ROS/02-Lab1/install/temp_pub/share/temp_pub/cmake/temp_pubConfig-version.cmake
[6.712s] -- Symlinking: /home/ehab/Documents/ITI_9Months/ROS/02-Lab1/install/temp_pub/share/temp_pub/package.xml
[6.722s] -- Symlinking: /home/ehab/Documents/ITI_9Months/ROS/02-Lab1/install/temp_pub/lib/temp_pub/tempPublisher
[6.733s] Invoked command in '/home/ehab/Documents/ITI_9Months/ROS/02-Lab1/build/temp_pub' returned '0': CMAKE_PREFIX_PATH=${CMAKE_PREFIX_PATH}:/home/ehab/Documents/ITI_9Months/ROS/02-IMUGeometryMSG/install/obstacle_detection:/opt/ros/humble /usr/bin/cmake --install /home/ehab/Documents/ITI_9Months/ROS/02-Lab1/build/temp_pub
