[0.349s] Invoking command in '/home/ehab/Documents/ITI_9Months/ROS/02-Lab1/build/odometry_path_pkg': CMAKE_PREFIX_PATH=${CMAKE_PREFIX_PATH}:/home/ehab/Documents/ITI_9Months/ROS/02-IMUGeometryMSG/install/obstacle_detection:/opt/ros/humble /usr/bin/cmake /home/ehab/Documents/ITI_9Months/ROS/02-Lab1/src/odometry_path_pkg -DAMENT_CMAKE_SYMLINK_INSTALL=1 -DCMAKE_INSTALL_PREFIX=/home/ehab/Documents/ITI_9Months/ROS/02-Lab1/install/odometry_path_pkg
[0.615s] -- The C compiler identification is GNU 11.4.0
[0.775s] -- The CXX compiler identification is GNU 11.4.0
[0.785s] -- Detecting C compiler ABI info
[0.868s] -- Detecting C compiler ABI info - done
[0.873s] -- Check for working C compiler: /usr/bin/cc - skipped
[0.874s] -- Detecting C compile features
[0.874s] -- Detecting C compile features - done
[0.877s] -- Detecting CXX compiler ABI info
[0.954s] -- Detecting CXX compiler ABI info - done
[0.960s] -- Check for working CXX compiler: /usr/bin/c++ - skipped
[0.961s] -- Detecting CXX compile features
[0.961s] -- Detecting CXX compile features - done
[0.973s] -- Found ament_cmake: 1.3.14 (/opt/ros/humble/share/ament_cmake/cmake)
[1.323s] -- Found Python3: /usr/bin/python3 (found version "3.10.12") found components: Interpreter 
[1.392s] -- Override CMake install command with custom implementation using symlinks instead of copying resources
[1.431s] -- Found rclcpp: 16.0.19 (/opt/ros/humble/share/rclcpp/cmake)
[1.494s] -- Found rosidl_generator_c: 3.1.8 (/opt/ros/humble/share/rosidl_generator_c/cmake)
[1.500s] -- Found rosidl_adapter: 3.1.8 (/opt/ros/humble/share/rosidl_adapter/cmake)
[1.513s] -- Found rosidl_generator_cpp: 3.1.8 (/opt/ros/humble/share/rosidl_generator_cpp/cmake)
[1.532s] -- Using all available rosidl_typesupport_c: rosidl_typesupport_fastrtps_c;rosidl_typesupport_introspection_c
[1.551s] -- Using all available rosidl_typesupport_cpp: rosidl_typesupport_fastrtps_cpp;rosidl_typesupport_introspection_cpp
[1.606s] -- Found rmw_implementation_cmake: 6.1.2 (/opt/ros/humble/share/rmw_implementation_cmake/cmake)
[1.609s] -- Found rmw_fastrtps_cpp: 6.2.10 (/opt/ros/humble/share/rmw_fastrtps_cpp/cmake)
[1.736s] -- Found OpenSSL: /usr/lib/x86_64-linux-gnu/libcrypto.so (found version "3.0.2")  
[1.771s] -- Found FastRTPS: /opt/ros/humble/include  
[1.820s] -- Using RMW implementation 'rmw_fastrtps_cpp' as default
[1.833s] -- Looking for pthread.h
[1.922s] -- Looking for pthread.h - found
[1.923s] -- Performing Test CMAKE_HAVE_LIBC_PTHREAD
[1.998s] -- Performing Test CMAKE_HAVE_LIBC_PTHREAD - Success
[1.999s] -- Found Threads: TRUE  
[2.062s] -- Found sensor_msgs: 4.9.1 (/opt/ros/humble/share/sensor_msgs/cmake)
[2.097s] -- Found nav_msgs: 4.9.1 (/opt/ros/humble/share/nav_msgs/cmake)
[2.117s] -- Found ament_lint_auto: 0.12.15 (/opt/ros/humble/share/ament_lint_auto/cmake)
[2.217s] -- Added test 'cppcheck' to perform static code analysis on C / C++ code
[2.217s] -- Configured cppcheck include dirs: $<BUILD_INTERFACE:/home/ehab/Documents/ITI_9Months/ROS/02-Lab1/src/odometry_path_pkg/include>
[2.217s] -- Configured cppcheck exclude dirs and/or files: 
[2.218s] -- Added test 'lint_cmake' to check CMake code style
[2.219s] -- Added test 'uncrustify' to check C / C++ code style
[2.219s] -- Configured uncrustify additional arguments: 
[2.219s] -- Added test 'xmllint' to check XML markup files
[2.221s] -- Configuring done
[2.231s] -- Generating done
[2.234s] -- Build files have been written to: /home/ehab/Documents/ITI_9Months/ROS/02-Lab1/build/odometry_path_pkg
[2.244s] Invoked command in '/home/ehab/Documents/ITI_9Months/ROS/02-Lab1/build/odometry_path_pkg' returned '0': CMAKE_PREFIX_PATH=${CMAKE_PREFIX_PATH}:/home/ehab/Documents/ITI_9Months/ROS/02-IMUGeometryMSG/install/obstacle_detection:/opt/ros/humble /usr/bin/cmake /home/ehab/Documents/ITI_9Months/ROS/02-Lab1/src/odometry_path_pkg -DAMENT_CMAKE_SYMLINK_INSTALL=1 -DCMAKE_INSTALL_PREFIX=/home/ehab/Documents/ITI_9Months/ROS/02-Lab1/install/odometry_path_pkg
[2.246s] Invoking command in '/home/ehab/Documents/ITI_9Months/ROS/02-Lab1/build/odometry_path_pkg': CMAKE_PREFIX_PATH=${CMAKE_PREFIX_PATH}:/home/ehab/Documents/ITI_9Months/ROS/02-IMUGeometryMSG/install/obstacle_detection:/opt/ros/humble /usr/bin/cmake --build /home/ehab/Documents/ITI_9Months/ROS/02-Lab1/build/odometry_path_pkg -- -j16 -l16
[2.294s] [ 50%] [32mBuilding CXX object CMakeFiles/odo_path.dir/src/odo_path.cpp.o[0m
[6.058s] [100%] [32m[1mLinking CXX executable odo_path[0m
[6.361s] [100%] Built target odo_path
[6.374s] Invoked command in '/home/ehab/Documents/ITI_9Months/ROS/02-Lab1/build/odometry_path_pkg' returned '0': CMAKE_PREFIX_PATH=${CMAKE_PREFIX_PATH}:/home/ehab/Documents/ITI_9Months/ROS/02-IMUGeometryMSG/install/obstacle_detection:/opt/ros/humble /usr/bin/cmake --build /home/ehab/Documents/ITI_9Months/ROS/02-Lab1/build/odometry_path_pkg -- -j16 -l16
[6.386s] Invoking command in '/home/ehab/Documents/ITI_9Months/ROS/02-Lab1/build/odometry_path_pkg': CMAKE_PREFIX_PATH=${CMAKE_PREFIX_PATH}:/home/ehab/Documents/ITI_9Months/ROS/02-IMUGeometryMSG/install/obstacle_detection:/opt/ros/humble /usr/bin/cmake --install /home/ehab/Documents/ITI_9Months/ROS/02-Lab1/build/odometry_path_pkg
[6.394s] -- Install configuration: ""
[6.394s] -- Execute custom install script
[6.395s] -- Symlinking: /home/ehab/Documents/ITI_9Months/ROS/02-Lab1/install/odometry_path_pkg/lib/odometry_path_pkg/odo_path
[6.405s] -- Symlinking: /home/ehab/Documents/ITI_9Months/ROS/02-Lab1/install/odometry_path_pkg/share/ament_index/resource_index/package_run_dependencies/odometry_path_pkg
[6.415s] -- Symlinking: /home/ehab/Documents/ITI_9Months/ROS/02-Lab1/install/odometry_path_pkg/share/ament_index/resource_index/parent_prefix_path/odometry_path_pkg
[6.426s] -- Symlinking: /home/ehab/Documents/ITI_9Months/ROS/02-Lab1/install/odometry_path_pkg/share/odometry_path_pkg/environment/ament_prefix_path.sh
[6.436s] -- Symlinking: /home/ehab/Documents/ITI_9Months/ROS/02-Lab1/install/odometry_path_pkg/share/odometry_path_pkg/environment/ament_prefix_path.dsv
[6.447s] -- Symlinking: /home/ehab/Documents/ITI_9Months/ROS/02-Lab1/install/odometry_path_pkg/share/odometry_path_pkg/environment/path.sh
[6.459s] -- Symlinking: /home/ehab/Documents/ITI_9Months/ROS/02-Lab1/install/odometry_path_pkg/share/odometry_path_pkg/environment/path.dsv
[6.470s] -- Symlinking: /home/ehab/Documents/ITI_9Months/ROS/02-Lab1/install/odometry_path_pkg/share/odometry_path_pkg/local_setup.bash
[6.481s] -- Symlinking: /home/ehab/Documents/ITI_9Months/ROS/02-Lab1/install/odometry_path_pkg/share/odometry_path_pkg/local_setup.sh
[6.492s] -- Symlinking: /home/ehab/Documents/ITI_9Months/ROS/02-Lab1/install/odometry_path_pkg/share/odometry_path_pkg/local_setup.zsh
[6.501s] -- Symlinking: /home/ehab/Documents/ITI_9Months/ROS/02-Lab1/install/odometry_path_pkg/share/odometry_path_pkg/local_setup.dsv
[6.511s] -- Symlinking: /home/ehab/Documents/ITI_9Months/ROS/02-Lab1/install/odometry_path_pkg/share/odometry_path_pkg/package.dsv
[6.522s] -- Symlinking: /home/ehab/Documents/ITI_9Months/ROS/02-Lab1/install/odometry_path_pkg/share/ament_index/resource_index/packages/odometry_path_pkg
[6.532s] -- Symlinking: /home/ehab/Documents/ITI_9Months/ROS/02-Lab1/install/odometry_path_pkg/share/odometry_path_pkg/cmake/odometry_path_pkgConfig.cmake
[6.541s] -- Symlinking: /home/ehab/Documents/ITI_9Months/ROS/02-Lab1/install/odometry_path_pkg/share/odometry_path_pkg/cmake/odometry_path_pkgConfig-version.cmake
[6.551s] -- Symlinking: /home/ehab/Documents/ITI_9Months/ROS/02-Lab1/install/odometry_path_pkg/share/odometry_path_pkg/package.xml
[6.562s] Invoked command in '/home/ehab/Documents/ITI_9Months/ROS/02-Lab1/build/odometry_path_pkg' returned '0': CMAKE_PREFIX_PATH=${CMAKE_PREFIX_PATH}:/home/ehab/Documents/ITI_9Months/ROS/02-IMUGeometryMSG/install/obstacle_detection:/opt/ros/humble /usr/bin/cmake --install /home/ehab/Documents/ITI_9Months/ROS/02-Lab1/build/odometry_path_pkg
