[0.362s] DEBUG:colcon:Command line arguments: ['/usr/bin/colcon', 'build', '--symlink-install']
[0.362s] DEBUG:colcon:Parsed command line arguments: Namespace(log_base=None, log_level=None, verb_name='build', build_base='build', install_base='install', merge_install=False, symlink_install=True, test_result_base=None, continue_on_error=False, executor='parallel', parallel_workers=16, event_handlers=None, ignore_user_meta=False, metas=['./colcon.meta'], base_paths=['.'], packages_ignore=None, packages_ignore_regex=None, paths=None, packages_up_to=None, packages_up_to_regex=None, packages_above=None, packages_above_and_dependencies=None, packages_above_depth=None, packages_select_by_dep=None, packages_skip_by_dep=None, packages_skip_up_to=None, packages_select_build_failed=False, packages_skip_build_finished=False, packages_select_test_failures=False, packages_skip_test_passed=False, packages_select=None, packages_skip=None, packages_select_regex=None, packages_skip_regex=None, packages_start=None, packages_end=None, allow_overriding=[], cmake_args=None, cmake_target=None, cmake_target_skip_unavailable=False, cmake_clean_cache=False, cmake_clean_first=False, cmake_force_configure=False, ament_cmake_args=None, catkin_cmake_args=None, catkin_skip_building_tests=False, verb_parser=<colcon_defaults.argument_parser.defaults.DefaultArgumentsDecorator object at 0x7387cf5c8e50>, verb_extension=<colcon_core.verb.build.BuildVerb object at 0x7387cf5c8880>, main=<bound method BuildVerb.main of <colcon_core.verb.build.BuildVerb object at 0x7387cf5c8880>>)
[0.427s] Level 1:colcon.colcon_core.package_discovery:discover_packages(colcon_meta) check parameters
[0.427s] Level 1:colcon.colcon_core.package_discovery:discover_packages(recursive) check parameters
[0.427s] Level 1:colcon.colcon_core.package_discovery:discover_packages(ignore) check parameters
[0.427s] Level 1:colcon.colcon_core.package_discovery:discover_packages(path) check parameters
[0.427s] Level 1:colcon.colcon_core.package_discovery:discover_packages(colcon_meta) discover
[0.427s] Level 1:colcon.colcon_core.package_discovery:discover_packages(recursive) discover
[0.427s] INFO:colcon.colcon_core.package_discovery:Crawling recursively for packages in '/home/ehab/Documents/ITI_9Months/ROS/02-Lab1'
[0.427s] Level 1:colcon.colcon_core.package_identification:_identify(.) by extensions ['ignore', 'ignore_ament_install']
[0.427s] Level 1:colcon.colcon_core.package_identification:_identify(.) by extension 'ignore'
[0.427s] Level 1:colcon.colcon_core.package_identification:_identify(.) by extension 'ignore_ament_install'
[0.427s] Level 1:colcon.colcon_core.package_identification:_identify(.) by extensions ['colcon_pkg']
[0.427s] Level 1:colcon.colcon_core.package_identification:_identify(.) by extension 'colcon_pkg'
[0.427s] Level 1:colcon.colcon_core.package_identification:_identify(.) by extensions ['colcon_meta']
[0.428s] Level 1:colcon.colcon_core.package_identification:_identify(.) by extension 'colcon_meta'
[0.428s] Level 1:colcon.colcon_core.package_identification:_identify(.) by extensions ['ros']
[0.428s] Level 1:colcon.colcon_core.package_identification:_identify(.) by extension 'ros'
[0.463s] Level 1:colcon.colcon_core.package_identification:_identify(.) by extensions ['cmake', 'python']
[0.463s] Level 1:colcon.colcon_core.package_identification:_identify(.) by extension 'cmake'
[0.463s] Level 1:colcon.colcon_core.package_identification:_identify(.) by extension 'python'
[0.463s] Level 1:colcon.colcon_core.package_identification:_identify(.) by extensions ['python_setup_py']
[0.463s] Level 1:colcon.colcon_core.package_identification:_identify(.) by extension 'python_setup_py'
[0.463s] Level 1:colcon.colcon_core.package_identification:_identify(build) by extensions ['ignore', 'ignore_ament_install']
[0.463s] Level 1:colcon.colcon_core.package_identification:_identify(build) by extension 'ignore'
[0.463s] Level 1:colcon.colcon_core.package_identification:_identify(build) ignored
[0.463s] Level 1:colcon.colcon_core.package_identification:_identify(install) by extensions ['ignore', 'ignore_ament_install']
[0.463s] Level 1:colcon.colcon_core.package_identification:_identify(install) by extension 'ignore'
[0.463s] Level 1:colcon.colcon_core.package_identification:_identify(install) ignored
[0.464s] Level 1:colcon.colcon_core.package_identification:_identify(log) by extensions ['ignore', 'ignore_ament_install']
[0.464s] Level 1:colcon.colcon_core.package_identification:_identify(log) by extension 'ignore'
[0.464s] Level 1:colcon.colcon_core.package_identification:_identify(log) ignored
[0.464s] Level 1:colcon.colcon_core.package_identification:_identify(src) by extensions ['ignore', 'ignore_ament_install']
[0.464s] Level 1:colcon.colcon_core.package_identification:_identify(src) by extension 'ignore'
[0.464s] Level 1:colcon.colcon_core.package_identification:_identify(src) by extension 'ignore_ament_install'
[0.464s] Level 1:colcon.colcon_core.package_identification:_identify(src) by extensions ['colcon_pkg']
[0.464s] Level 1:colcon.colcon_core.package_identification:_identify(src) by extension 'colcon_pkg'
[0.464s] Level 1:colcon.colcon_core.package_identification:_identify(src) by extensions ['colcon_meta']
[0.464s] Level 1:colcon.colcon_core.package_identification:_identify(src) by extension 'colcon_meta'
[0.464s] Level 1:colcon.colcon_core.package_identification:_identify(src) by extensions ['ros']
[0.464s] Level 1:colcon.colcon_core.package_identification:_identify(src) by extension 'ros'
[0.464s] Level 1:colcon.colcon_core.package_identification:_identify(src) by extensions ['cmake', 'python']
[0.464s] Level 1:colcon.colcon_core.package_identification:_identify(src) by extension 'cmake'
[0.464s] Level 1:colcon.colcon_core.package_identification:_identify(src) by extension 'python'
[0.464s] Level 1:colcon.colcon_core.package_identification:_identify(src) by extensions ['python_setup_py']
[0.464s] Level 1:colcon.colcon_core.package_identification:_identify(src) by extension 'python_setup_py'
[0.464s] Level 1:colcon.colcon_core.package_identification:_identify(src/obstacle_detection) by extensions ['ignore', 'ignore_ament_install']
[0.464s] Level 1:colcon.colcon_core.package_identification:_identify(src/obstacle_detection) by extension 'ignore'
[0.465s] Level 1:colcon.colcon_core.package_identification:_identify(src/obstacle_detection) by extension 'ignore_ament_install'
[0.465s] Level 1:colcon.colcon_core.package_identification:_identify(src/obstacle_detection) by extensions ['colcon_pkg']
[0.465s] Level 1:colcon.colcon_core.package_identification:_identify(src/obstacle_detection) by extension 'colcon_pkg'
[0.465s] Level 1:colcon.colcon_core.package_identification:_identify(src/obstacle_detection) by extensions ['colcon_meta']
[0.465s] Level 1:colcon.colcon_core.package_identification:_identify(src/obstacle_detection) by extension 'colcon_meta'
[0.465s] Level 1:colcon.colcon_core.package_identification:_identify(src/obstacle_detection) by extensions ['ros']
[0.465s] Level 1:colcon.colcon_core.package_identification:_identify(src/obstacle_detection) by extension 'ros'
[0.469s] DEBUG:colcon.colcon_core.package_identification:Package 'src/obstacle_detection' with type 'ros.ament_python' and name 'obstacle_detection'
[0.469s] Level 1:colcon.colcon_core.package_identification:_identify(src/odometry_path_pkg) by extensions ['ignore', 'ignore_ament_install']
[0.469s] Level 1:colcon.colcon_core.package_identification:_identify(src/odometry_path_pkg) by extension 'ignore'
[0.469s] Level 1:colcon.colcon_core.package_identification:_identify(src/odometry_path_pkg) by extension 'ignore_ament_install'
[0.469s] Level 1:colcon.colcon_core.package_identification:_identify(src/odometry_path_pkg) by extensions ['colcon_pkg']
[0.469s] Level 1:colcon.colcon_core.package_identification:_identify(src/odometry_path_pkg) by extension 'colcon_pkg'
[0.469s] Level 1:colcon.colcon_core.package_identification:_identify(src/odometry_path_pkg) by extensions ['colcon_meta']
[0.469s] Level 1:colcon.colcon_core.package_identification:_identify(src/odometry_path_pkg) by extension 'colcon_meta'
[0.469s] Level 1:colcon.colcon_core.package_identification:_identify(src/odometry_path_pkg) by extensions ['ros']
[0.469s] Level 1:colcon.colcon_core.package_identification:_identify(src/odometry_path_pkg) by extension 'ros'
[0.470s] DEBUG:colcon.colcon_core.package_identification:Package 'src/odometry_path_pkg' with type 'ros.ament_cmake' and name 'odometry_path_pkg'
[0.470s] Level 1:colcon.colcon_core.package_identification:_identify(src/temp_pub) by extensions ['ignore', 'ignore_ament_install']
[0.470s] Level 1:colcon.colcon_core.package_identification:_identify(src/temp_pub) by extension 'ignore'
[0.470s] Level 1:colcon.colcon_core.package_identification:_identify(src/temp_pub) by extension 'ignore_ament_install'
[0.471s] Level 1:colcon.colcon_core.package_identification:_identify(src/temp_pub) by extensions ['colcon_pkg']
[0.471s] Level 1:colcon.colcon_core.package_identification:_identify(src/temp_pub) by extension 'colcon_pkg'
[0.471s] Level 1:colcon.colcon_core.package_identification:_identify(src/temp_pub) by extensions ['colcon_meta']
[0.471s] Level 1:colcon.colcon_core.package_identification:_identify(src/temp_pub) by extension 'colcon_meta'
[0.471s] Level 1:colcon.colcon_core.package_identification:_identify(src/temp_pub) by extensions ['ros']
[0.471s] Level 1:colcon.colcon_core.package_identification:_identify(src/temp_pub) by extension 'ros'
[0.471s] DEBUG:colcon.colcon_core.package_identification:Package 'src/temp_pub' with type 'ros.ament_cmake' and name 'temp_pub'
[0.471s] Level 1:colcon.colcon_core.package_identification:_identify(src/velocity_pkg) by extensions ['ignore', 'ignore_ament_install']
[0.471s] Level 1:colcon.colcon_core.package_identification:_identify(src/velocity_pkg) by extension 'ignore'
[0.472s] Level 1:colcon.colcon_core.package_identification:_identify(src/velocity_pkg) by extension 'ignore_ament_install'
[0.472s] Level 1:colcon.colcon_core.package_identification:_identify(src/velocity_pkg) by extensions ['colcon_pkg']
[0.472s] Level 1:colcon.colcon_core.package_identification:_identify(src/velocity_pkg) by extension 'colcon_pkg'
[0.472s] Level 1:colcon.colcon_core.package_identification:_identify(src/velocity_pkg) by extensions ['colcon_meta']
[0.472s] Level 1:colcon.colcon_core.package_identification:_identify(src/velocity_pkg) by extension 'colcon_meta'
[0.472s] Level 1:colcon.colcon_core.package_identification:_identify(src/velocity_pkg) by extensions ['ros']
[0.472s] Level 1:colcon.colcon_core.package_identification:_identify(src/velocity_pkg) by extension 'ros'
[0.472s] DEBUG:colcon.colcon_core.package_identification:Package 'src/velocity_pkg' with type 'ros.ament_cmake' and name 'velocity_pkg'
[0.472s] Level 1:colcon.colcon_core.package_discovery:discover_packages(recursive) using defaults
[0.472s] Level 1:colcon.colcon_core.package_discovery:discover_packages(ignore) discover
[0.472s] Level 1:colcon.colcon_core.package_discovery:discover_packages(ignore) using defaults
[0.472s] Level 1:colcon.colcon_core.package_discovery:discover_packages(path) discover
[0.472s] Level 1:colcon.colcon_core.package_discovery:discover_packages(path) using defaults
[0.501s] Level 1:colcon.colcon_core.package_discovery:discover_packages(prefix_path) check parameters
[0.501s] Level 1:colcon.colcon_core.package_discovery:discover_packages(prefix_path) discover
[0.503s] WARNING:colcon.colcon_core.prefix_path.colcon:The path '/home/ehab/Documents/ITI_9Months/ROS/02-IMUGeometryMSG/install' in the environment variable COLCON_PREFIX_PATH doesn't exist
[0.503s] WARNING:colcon.colcon_core.prefix_path.colcon:The path '/home/ehab/Documents/ITI_9Months/ROS/02-IMUGeometryMSG/Task1-TempPublisher/install' in the environment variable COLCON_PREFIX_PATH doesn't exist
[0.503s] WARNING:colcon.colcon_ros.prefix_path.ament:The path '/home/ehab/Documents/ITI_9Months/ROS/02-IMUGeometryMSG/install/odometry_path_pkg' in the environment variable AMENT_PREFIX_PATH doesn't exist
[0.503s] WARNING:colcon.colcon_ros.prefix_path.ament:The path '/home/ehab/Documents/ITI_9Months/ROS/02-IMUGeometryMSG/install/velocity_pkg' in the environment variable AMENT_PREFIX_PATH doesn't exist
[0.503s] WARNING:colcon.colcon_ros.prefix_path.ament:The path '/home/ehab/Documents/ITI_9Months/ROS/02-IMUGeometryMSG/install/obstacle_detection' in the environment variable AMENT_PREFIX_PATH doesn't exist
[0.504s] WARNING:colcon.colcon_ros.prefix_path.ament:The path '/home/ehab/Documents/ITI_9Months/ROS/02-IMUGeometryMSG/install/temp_pub' in the environment variable AMENT_PREFIX_PATH doesn't exist
[0.504s] WARNING:colcon.colcon_ros.prefix_path.ament:The path '/home/ehab/Documents/ITI_9Months/ROS/02-IMUGeometryMSG/Task1-TempPublisher/install/temp_pub' in the environment variable AMENT_PREFIX_PATH doesn't exist
[0.504s] WARNING:colcon.colcon_ros.prefix_path.catkin:The path '/home/ehab/Documents/ITI_9Months/ROS/02-IMUGeometryMSG/install/odometry_path_pkg' in the environment variable CMAKE_PREFIX_PATH doesn't exist
[0.504s] WARNING:colcon.colcon_ros.prefix_path.catkin:The path '/home/ehab/Documents/ITI_9Months/ROS/02-IMUGeometryMSG/install/velocity_pkg' in the environment variable CMAKE_PREFIX_PATH doesn't exist
[0.504s] WARNING:colcon.colcon_ros.prefix_path.catkin:The path '/home/ehab/Documents/ITI_9Months/ROS/02-IMUGeometryMSG/install/temp_pub' in the environment variable CMAKE_PREFIX_PATH doesn't exist
[0.504s] WARNING:colcon.colcon_ros.prefix_path.catkin:The path '/home/ehab/Documents/ITI_9Months/ROS/02-IMUGeometryMSG/Task1-TempPublisher/install/temp_pub' in the environment variable CMAKE_PREFIX_PATH doesn't exist
[0.506s] DEBUG:colcon.colcon_installed_package_information.package_discovery:Found 273 installed packages in /opt/ros/humble
[0.507s] Level 1:colcon.colcon_core.package_discovery:discover_packages(prefix_path) using defaults
[0.575s] Level 5:colcon.colcon_core.verb:set package 'obstacle_detection' build argument 'cmake_args' from command line to 'None'
[0.576s] Level 5:colcon.colcon_core.verb:set package 'obstacle_detection' build argument 'cmake_target' from command line to 'None'
[0.576s] Level 5:colcon.colcon_core.verb:set package 'obstacle_detection' build argument 'cmake_target_skip_unavailable' from command line to 'False'
[0.576s] Level 5:colcon.colcon_core.verb:set package 'obstacle_detection' build argument 'cmake_clean_cache' from command line to 'False'
[0.576s] Level 5:colcon.colcon_core.verb:set package 'obstacle_detection' build argument 'cmake_clean_first' from command line to 'False'
[0.576s] Level 5:colcon.colcon_core.verb:set package 'obstacle_detection' build argument 'cmake_force_configure' from command line to 'False'
[0.576s] Level 5:colcon.colcon_core.verb:set package 'obstacle_detection' build argument 'ament_cmake_args' from command line to 'None'
[0.576s] Level 5:colcon.colcon_core.verb:set package 'obstacle_detection' build argument 'catkin_cmake_args' from command line to 'None'
[0.576s] Level 5:colcon.colcon_core.verb:set package 'obstacle_detection' build argument 'catkin_skip_building_tests' from command line to 'False'
[0.576s] DEBUG:colcon.colcon_core.verb:Building package 'obstacle_detection' with the following arguments: {'ament_cmake_args': None, 'build_base': '/home/ehab/Documents/ITI_9Months/ROS/02-Lab1/build/obstacle_detection', 'catkin_cmake_args': None, 'catkin_skip_building_tests': False, 'cmake_args': None, 'cmake_clean_cache': False, 'cmake_clean_first': False, 'cmake_force_configure': False, 'cmake_target': None, 'cmake_target_skip_unavailable': False, 'install_base': '/home/ehab/Documents/ITI_9Months/ROS/02-Lab1/install/obstacle_detection', 'merge_install': False, 'path': '/home/ehab/Documents/ITI_9Months/ROS/02-Lab1/src/obstacle_detection', 'symlink_install': True, 'test_result_base': None}
[0.576s] Level 5:colcon.colcon_core.verb:set package 'odometry_path_pkg' build argument 'cmake_args' from command line to 'None'
[0.576s] Level 5:colcon.colcon_core.verb:set package 'odometry_path_pkg' build argument 'cmake_target' from command line to 'None'
[0.576s] Level 5:colcon.colcon_core.verb:set package 'odometry_path_pkg' build argument 'cmake_target_skip_unavailable' from command line to 'False'
[0.576s] Level 5:colcon.colcon_core.verb:set package 'odometry_path_pkg' build argument 'cmake_clean_cache' from command line to 'False'
[0.576s] Level 5:colcon.colcon_core.verb:set package 'odometry_path_pkg' build argument 'cmake_clean_first' from command line to 'False'
[0.576s] Level 5:colcon.colcon_core.verb:set package 'odometry_path_pkg' build argument 'cmake_force_configure' from command line to 'False'
[0.576s] Level 5:colcon.colcon_core.verb:set package 'odometry_path_pkg' build argument 'ament_cmake_args' from command line to 'None'
[0.576s] Level 5:colcon.colcon_core.verb:set package 'odometry_path_pkg' build argument 'catkin_cmake_args' from command line to 'None'
[0.576s] Level 5:colcon.colcon_core.verb:set package 'odometry_path_pkg' build argument 'catkin_skip_building_tests' from command line to 'False'
[0.576s] DEBUG:colcon.colcon_core.verb:Building package 'odometry_path_pkg' with the following arguments: {'ament_cmake_args': None, 'build_base': '/home/ehab/Documents/ITI_9Months/ROS/02-Lab1/build/odometry_path_pkg', 'catkin_cmake_args': None, 'catkin_skip_building_tests': False, 'cmake_args': None, 'cmake_clean_cache': False, 'cmake_clean_first': False, 'cmake_force_configure': False, 'cmake_target': None, 'cmake_target_skip_unavailable': False, 'install_base': '/home/ehab/Documents/ITI_9Months/ROS/02-Lab1/install/odometry_path_pkg', 'merge_install': False, 'path': '/home/ehab/Documents/ITI_9Months/ROS/02-Lab1/src/odometry_path_pkg', 'symlink_install': True, 'test_result_base': None}
[0.576s] Level 5:colcon.colcon_core.verb:set package 'temp_pub' build argument 'cmake_args' from command line to 'None'
[0.576s] Level 5:colcon.colcon_core.verb:set package 'temp_pub' build argument 'cmake_target' from command line to 'None'
[0.576s] Level 5:colcon.colcon_core.verb:set package 'temp_pub' build argument 'cmake_target_skip_unavailable' from command line to 'False'
[0.576s] Level 5:colcon.colcon_core.verb:set package 'temp_pub' build argument 'cmake_clean_cache' from command line to 'False'
[0.576s] Level 5:colcon.colcon_core.verb:set package 'temp_pub' build argument 'cmake_clean_first' from command line to 'False'
[0.577s] Level 5:colcon.colcon_core.verb:set package 'temp_pub' build argument 'cmake_force_configure' from command line to 'False'
[0.577s] Level 5:colcon.colcon_core.verb:set package 'temp_pub' build argument 'ament_cmake_args' from command line to 'None'
[0.577s] Level 5:colcon.colcon_core.verb:set package 'temp_pub' build argument 'catkin_cmake_args' from command line to 'None'
[0.577s] Level 5:colcon.colcon_core.verb:set package 'temp_pub' build argument 'catkin_skip_building_tests' from command line to 'False'
[0.577s] DEBUG:colcon.colcon_core.verb:Building package 'temp_pub' with the following arguments: {'ament_cmake_args': None, 'build_base': '/home/ehab/Documents/ITI_9Months/ROS/02-Lab1/build/temp_pub', 'catkin_cmake_args': None, 'catkin_skip_building_tests': False, 'cmake_args': None, 'cmake_clean_cache': False, 'cmake_clean_first': False, 'cmake_force_configure': False, 'cmake_target': None, 'cmake_target_skip_unavailable': False, 'install_base': '/home/ehab/Documents/ITI_9Months/ROS/02-Lab1/install/temp_pub', 'merge_install': False, 'path': '/home/ehab/Documents/ITI_9Months/ROS/02-Lab1/src/temp_pub', 'symlink_install': True, 'test_result_base': None}
[0.577s] Level 5:colcon.colcon_core.verb:set package 'velocity_pkg' build argument 'cmake_args' from command line to 'None'
[0.577s] Level 5:colcon.colcon_core.verb:set package 'velocity_pkg' build argument 'cmake_target' from command line to 'None'
[0.577s] Level 5:colcon.colcon_core.verb:set package 'velocity_pkg' build argument 'cmake_target_skip_unavailable' from command line to 'False'
[0.577s] Level 5:colcon.colcon_core.verb:set package 'velocity_pkg' build argument 'cmake_clean_cache' from command line to 'False'
[0.577s] Level 5:colcon.colcon_core.verb:set package 'velocity_pkg' build argument 'cmake_clean_first' from command line to 'False'
[0.577s] Level 5:colcon.colcon_core.verb:set package 'velocity_pkg' build argument 'cmake_force_configure' from command line to 'False'
[0.577s] Level 5:colcon.colcon_core.verb:set package 'velocity_pkg' build argument 'ament_cmake_args' from command line to 'None'
[0.577s] Level 5:colcon.colcon_core.verb:set package 'velocity_pkg' build argument 'catkin_cmake_args' from command line to 'None'
[0.577s] Level 5:colcon.colcon_core.verb:set package 'velocity_pkg' build argument 'catkin_skip_building_tests' from command line to 'False'
[0.577s] DEBUG:colcon.colcon_core.verb:Building package 'velocity_pkg' with the following arguments: {'ament_cmake_args': None, 'build_base': '/home/ehab/Documents/ITI_9Months/ROS/02-Lab1/build/velocity_pkg', 'catkin_cmake_args': None, 'catkin_skip_building_tests': False, 'cmake_args': None, 'cmake_clean_cache': False, 'cmake_clean_first': False, 'cmake_force_configure': False, 'cmake_target': None, 'cmake_target_skip_unavailable': False, 'install_base': '/home/ehab/Documents/ITI_9Months/ROS/02-Lab1/install/velocity_pkg', 'merge_install': False, 'path': '/home/ehab/Documents/ITI_9Months/ROS/02-Lab1/src/velocity_pkg', 'symlink_install': True, 'test_result_base': None}
[0.577s] INFO:colcon.colcon_core.executor:Executing jobs using 'parallel' executor
[0.578s] DEBUG:colcon.colcon_parallel_executor.executor.parallel:run_until_complete
[0.578s] INFO:colcon.colcon_ros.task.ament_python.build:Building ROS package in '/home/ehab/Documents/ITI_9Months/ROS/02-Lab1/src/obstacle_detection' with build type 'ament_python'
[0.578s] Level 1:colcon.colcon_core.shell:create_environment_hook('obstacle_detection', 'ament_prefix_path')
[0.583s] INFO:colcon.colcon_core.plugin_system:Skipping extension 'colcon_core.shell.bat': Not used on non-Windows systems
[0.583s] INFO:colcon.colcon_core.shell:Creating environment hook '/home/ehab/Documents/ITI_9Months/ROS/02-Lab1/install/obstacle_detection/share/obstacle_detection/hook/ament_prefix_path.ps1'
[0.585s] INFO:colcon.colcon_core.shell:Creating environment descriptor '/home/ehab/Documents/ITI_9Months/ROS/02-Lab1/install/obstacle_detection/share/obstacle_detection/hook/ament_prefix_path.dsv'
[0.585s] INFO:colcon.colcon_core.shell:Creating environment hook '/home/ehab/Documents/ITI_9Months/ROS/02-Lab1/install/obstacle_detection/share/obstacle_detection/hook/ament_prefix_path.sh'
[0.586s] INFO:colcon.colcon_core.shell:Skip shell extension 'powershell' for command environment: Not usable outside of PowerShell
[0.586s] DEBUG:colcon.colcon_core.shell:Skip shell extension 'dsv' for command environment
[0.589s] INFO:colcon.colcon_ros.task.ament_cmake.build:Building ROS package in '/home/ehab/Documents/ITI_9Months/ROS/02-Lab1/src/odometry_path_pkg' with build type 'ament_cmake'
[0.589s] INFO:colcon.colcon_cmake.task.cmake.build:Building CMake package in '/home/ehab/Documents/ITI_9Months/ROS/02-Lab1/src/odometry_path_pkg'
[0.589s] INFO:colcon.colcon_core.shell:Skip shell extension 'powershell' for command environment: Not usable outside of PowerShell
[0.589s] DEBUG:colcon.colcon_core.shell:Skip shell extension 'dsv' for command environment
[0.591s] INFO:colcon.colcon_ros.task.ament_cmake.build:Building ROS package in '/home/ehab/Documents/ITI_9Months/ROS/02-Lab1/src/temp_pub' with build type 'ament_cmake'
[0.591s] INFO:colcon.colcon_cmake.task.cmake.build:Building CMake package in '/home/ehab/Documents/ITI_9Months/ROS/02-Lab1/src/temp_pub'
[0.592s] INFO:colcon.colcon_core.shell:Skip shell extension 'powershell' for command environment: Not usable outside of PowerShell
[0.592s] DEBUG:colcon.colcon_core.shell:Skip shell extension 'dsv' for command environment
[0.596s] INFO:colcon.colcon_ros.task.ament_cmake.build:Building ROS package in '/home/ehab/Documents/ITI_9Months/ROS/02-Lab1/src/velocity_pkg' with build type 'ament_cmake'
[0.596s] INFO:colcon.colcon_cmake.task.cmake.build:Building CMake package in '/home/ehab/Documents/ITI_9Months/ROS/02-Lab1/src/velocity_pkg'
[0.596s] INFO:colcon.colcon_core.shell:Skip shell extension 'powershell' for command environment: Not usable outside of PowerShell
[0.597s] DEBUG:colcon.colcon_core.shell:Skip shell extension 'dsv' for command environment
[0.934s] INFO:colcon.colcon_core.task.python.build:Building Python package in '/home/ehab/Documents/ITI_9Months/ROS/02-Lab1/src/obstacle_detection'
[0.934s] INFO:colcon.colcon_core.shell:Skip shell extension 'powershell' for command environment: Not usable outside of PowerShell
[0.934s] DEBUG:colcon.colcon_core.shell:Skip shell extension 'dsv' for command environment
[0.938s] DEBUG:colcon.colcon_core.event_handler.log_command:Invoking command in '/home/ehab/Documents/ITI_9Months/ROS/02-Lab1/build/odometry_path_pkg': CMAKE_PREFIX_PATH=${CMAKE_PREFIX_PATH}:/home/ehab/Documents/ITI_9Months/ROS/02-IMUGeometryMSG/install/obstacle_detection:/opt/ros/humble /usr/bin/cmake /home/ehab/Documents/ITI_9Months/ROS/02-Lab1/src/odometry_path_pkg -DAMENT_CMAKE_SYMLINK_INSTALL=1 -DCMAKE_INSTALL_PREFIX=/home/ehab/Documents/ITI_9Months/ROS/02-Lab1/install/odometry_path_pkg
[0.943s] DEBUG:colcon.colcon_core.event_handler.log_command:Invoking command in '/home/ehab/Documents/ITI_9Months/ROS/02-Lab1/build/temp_pub': CMAKE_PREFIX_PATH=${CMAKE_PREFIX_PATH}:/home/ehab/Documents/ITI_9Months/ROS/02-IMUGeometryMSG/install/obstacle_detection:/opt/ros/humble /usr/bin/cmake /home/ehab/Documents/ITI_9Months/ROS/02-Lab1/src/temp_pub -DAMENT_CMAKE_SYMLINK_INSTALL=1 -DCMAKE_INSTALL_PREFIX=/home/ehab/Documents/ITI_9Months/ROS/02-Lab1/install/temp_pub
[0.946s] DEBUG:colcon.colcon_core.event_handler.log_command:Invoking command in '/home/ehab/Documents/ITI_9Months/ROS/02-Lab1/build/velocity_pkg': CMAKE_PREFIX_PATH=${CMAKE_PREFIX_PATH}:/home/ehab/Documents/ITI_9Months/ROS/02-IMUGeometryMSG/install/obstacle_detection:/opt/ros/humble /usr/bin/cmake /home/ehab/Documents/ITI_9Months/ROS/02-Lab1/src/velocity_pkg -DAMENT_CMAKE_SYMLINK_INSTALL=1 -DCMAKE_INSTALL_PREFIX=/home/ehab/Documents/ITI_9Months/ROS/02-Lab1/install/velocity_pkg
[1.847s] DEBUG:colcon.colcon_core.event_handler.log_command:Invoking command in '/home/ehab/Documents/ITI_9Months/ROS/02-Lab1/build/obstacle_detection': PYTHONPATH=/home/ehab/Documents/ITI_9Months/ROS/02-Lab1/build/obstacle_detection/prefix_override:/usr/lib/python3/dist-packages/colcon_core/task/python/colcon_distutils_commands:/home/ehab/Documents/ITI_9Months/ROS/02-Lab1/install/obstacle_detection/lib/python3.10/site-packages:${PYTHONPATH} /usr/bin/python3 -W ignore:setup.py install is deprecated -W ignore:easy_install command is deprecated setup.py develop --editable --build-directory /home/ehab/Documents/ITI_9Months/ROS/02-Lab1/build/obstacle_detection/build --no-deps symlink_data
[2.728s] Level 1:colcon.colcon_core.shell:create_environment_hook('obstacle_detection', 'pythonpath_develop')
[2.728s] INFO:colcon.colcon_core.shell:Creating environment hook '/home/ehab/Documents/ITI_9Months/ROS/02-Lab1/build/obstacle_detection/share/obstacle_detection/hook/pythonpath_develop.ps1'
[2.729s] DEBUG:colcon.colcon_core.event_handler.log_command:Invoked command in '/home/ehab/Documents/ITI_9Months/ROS/02-Lab1/build/obstacle_detection' returned '0': PYTHONPATH=/home/ehab/Documents/ITI_9Months/ROS/02-Lab1/build/obstacle_detection/prefix_override:/usr/lib/python3/dist-packages/colcon_core/task/python/colcon_distutils_commands:/home/ehab/Documents/ITI_9Months/ROS/02-Lab1/install/obstacle_detection/lib/python3.10/site-packages:${PYTHONPATH} /usr/bin/python3 -W ignore:setup.py install is deprecated -W ignore:easy_install command is deprecated setup.py develop --editable --build-directory /home/ehab/Documents/ITI_9Months/ROS/02-Lab1/build/obstacle_detection/build --no-deps symlink_data
[2.729s] INFO:colcon.colcon_core.shell:Creating environment descriptor '/home/ehab/Documents/ITI_9Months/ROS/02-Lab1/build/obstacle_detection/share/obstacle_detection/hook/pythonpath_develop.dsv'
[2.730s] INFO:colcon.colcon_core.shell:Creating environment hook '/home/ehab/Documents/ITI_9Months/ROS/02-Lab1/build/obstacle_detection/share/obstacle_detection/hook/pythonpath_develop.sh'
[2.736s] Level 1:colcon.colcon_core.environment:checking '/home/ehab/Documents/ITI_9Months/ROS/02-Lab1/install/obstacle_detection' for CMake module files
[2.736s] Level 1:colcon.colcon_core.environment:checking '/home/ehab/Documents/ITI_9Months/ROS/02-Lab1/install/obstacle_detection' for CMake config files
[2.737s] Level 1:colcon.colcon_core.environment:checking '/home/ehab/Documents/ITI_9Months/ROS/02-Lab1/install/obstacle_detection/lib'
[2.737s] Level 1:colcon.colcon_core.environment:checking '/home/ehab/Documents/ITI_9Months/ROS/02-Lab1/install/obstacle_detection/bin'
[2.737s] Level 1:colcon.colcon_core.environment:checking '/home/ehab/Documents/ITI_9Months/ROS/02-Lab1/install/obstacle_detection/lib/pkgconfig/obstacle_detection.pc'
[2.738s] Level 1:colcon.colcon_core.environment:checking '/home/ehab/Documents/ITI_9Months/ROS/02-Lab1/install/obstacle_detection/lib/python3.10/site-packages'
[2.738s] Level 1:colcon.colcon_core.shell:create_environment_hook('obstacle_detection', 'pythonpath')
[2.739s] INFO:colcon.colcon_core.shell:Creating environment hook '/home/ehab/Documents/ITI_9Months/ROS/02-Lab1/install/obstacle_detection/share/obstacle_detection/hook/pythonpath.ps1'
[2.739s] INFO:colcon.colcon_core.shell:Creating environment descriptor '/home/ehab/Documents/ITI_9Months/ROS/02-Lab1/install/obstacle_detection/share/obstacle_detection/hook/pythonpath.dsv'
[2.740s] INFO:colcon.colcon_core.shell:Creating environment hook '/home/ehab/Documents/ITI_9Months/ROS/02-Lab1/install/obstacle_detection/share/obstacle_detection/hook/pythonpath.sh'
[2.740s] Level 1:colcon.colcon_core.environment:checking '/home/ehab/Documents/ITI_9Months/ROS/02-Lab1/install/obstacle_detection/bin'
[2.740s] Level 1:colcon.colcon_core.environment:create_environment_scripts_only(obstacle_detection)
[2.741s] INFO:colcon.colcon_core.shell:Creating package script '/home/ehab/Documents/ITI_9Months/ROS/02-Lab1/install/obstacle_detection/share/obstacle_detection/package.ps1'
[2.746s] INFO:colcon.colcon_core.shell:Creating package descriptor '/home/ehab/Documents/ITI_9Months/ROS/02-Lab1/install/obstacle_detection/share/obstacle_detection/package.dsv'
[2.747s] INFO:colcon.colcon_core.shell:Creating package script '/home/ehab/Documents/ITI_9Months/ROS/02-Lab1/install/obstacle_detection/share/obstacle_detection/package.sh'
[2.748s] INFO:colcon.colcon_core.shell:Creating package script '/home/ehab/Documents/ITI_9Months/ROS/02-Lab1/install/obstacle_detection/share/obstacle_detection/package.bash'
[2.749s] INFO:colcon.colcon_core.shell:Creating package script '/home/ehab/Documents/ITI_9Months/ROS/02-Lab1/install/obstacle_detection/share/obstacle_detection/package.zsh'
[2.751s] Level 1:colcon.colcon_core.environment:create_file_with_runtime_dependencies(/home/ehab/Documents/ITI_9Months/ROS/02-Lab1/install/obstacle_detection/share/colcon-core/packages/obstacle_detection)
[2.833s] DEBUG:colcon.colcon_core.event_handler.log_command:Invoked command in '/home/ehab/Documents/ITI_9Months/ROS/02-Lab1/build/odometry_path_pkg' returned '0': CMAKE_PREFIX_PATH=${CMAKE_PREFIX_PATH}:/home/ehab/Documents/ITI_9Months/ROS/02-IMUGeometryMSG/install/obstacle_detection:/opt/ros/humble /usr/bin/cmake /home/ehab/Documents/ITI_9Months/ROS/02-Lab1/src/odometry_path_pkg -DAMENT_CMAKE_SYMLINK_INSTALL=1 -DCMAKE_INSTALL_PREFIX=/home/ehab/Documents/ITI_9Months/ROS/02-Lab1/install/odometry_path_pkg
[2.835s] DEBUG:colcon.colcon_core.event_handler.log_command:Invoking command in '/home/ehab/Documents/ITI_9Months/ROS/02-Lab1/build/odometry_path_pkg': CMAKE_PREFIX_PATH=${CMAKE_PREFIX_PATH}:/home/ehab/Documents/ITI_9Months/ROS/02-IMUGeometryMSG/install/obstacle_detection:/opt/ros/humble /usr/bin/cmake --build /home/ehab/Documents/ITI_9Months/ROS/02-Lab1/build/odometry_path_pkg -- -j16 -l16
[2.835s] DEBUG:colcon.colcon_core.event_handler.log_command:Invoked command in '/home/ehab/Documents/ITI_9Months/ROS/02-Lab1/build/velocity_pkg' returned '0': CMAKE_PREFIX_PATH=${CMAKE_PREFIX_PATH}:/home/ehab/Documents/ITI_9Months/ROS/02-IMUGeometryMSG/install/obstacle_detection:/opt/ros/humble /usr/bin/cmake /home/ehab/Documents/ITI_9Months/ROS/02-Lab1/src/velocity_pkg -DAMENT_CMAKE_SYMLINK_INSTALL=1 -DCMAKE_INSTALL_PREFIX=/home/ehab/Documents/ITI_9Months/ROS/02-Lab1/install/velocity_pkg
[2.836s] DEBUG:colcon.colcon_core.event_handler.log_command:Invoking command in '/home/ehab/Documents/ITI_9Months/ROS/02-Lab1/build/velocity_pkg': CMAKE_PREFIX_PATH=${CMAKE_PREFIX_PATH}:/home/ehab/Documents/ITI_9Months/ROS/02-IMUGeometryMSG/install/obstacle_detection:/opt/ros/humble /usr/bin/cmake --build /home/ehab/Documents/ITI_9Months/ROS/02-Lab1/build/velocity_pkg -- -j16 -l16
[2.838s] DEBUG:colcon.colcon_core.event_handler.log_command:Invoked command in '/home/ehab/Documents/ITI_9Months/ROS/02-Lab1/build/temp_pub' returned '0': CMAKE_PREFIX_PATH=${CMAKE_PREFIX_PATH}:/home/ehab/Documents/ITI_9Months/ROS/02-IMUGeometryMSG/install/obstacle_detection:/opt/ros/humble /usr/bin/cmake /home/ehab/Documents/ITI_9Months/ROS/02-Lab1/src/temp_pub -DAMENT_CMAKE_SYMLINK_INSTALL=1 -DCMAKE_INSTALL_PREFIX=/home/ehab/Documents/ITI_9Months/ROS/02-Lab1/install/temp_pub
[2.839s] DEBUG:colcon.colcon_core.event_handler.log_command:Invoking command in '/home/ehab/Documents/ITI_9Months/ROS/02-Lab1/build/temp_pub': CMAKE_PREFIX_PATH=${CMAKE_PREFIX_PATH}:/home/ehab/Documents/ITI_9Months/ROS/02-IMUGeometryMSG/install/obstacle_detection:/opt/ros/humble /usr/bin/cmake --build /home/ehab/Documents/ITI_9Months/ROS/02-Lab1/build/temp_pub -- -j16 -l16
[6.964s] DEBUG:colcon.colcon_core.event_handler.log_command:Invoked command in '/home/ehab/Documents/ITI_9Months/ROS/02-Lab1/build/odometry_path_pkg' returned '0': CMAKE_PREFIX_PATH=${CMAKE_PREFIX_PATH}:/home/ehab/Documents/ITI_9Months/ROS/02-IMUGeometryMSG/install/obstacle_detection:/opt/ros/humble /usr/bin/cmake --build /home/ehab/Documents/ITI_9Months/ROS/02-Lab1/build/odometry_path_pkg -- -j16 -l16
[6.975s] DEBUG:colcon.colcon_core.event_handler.log_command:Invoking command in '/home/ehab/Documents/ITI_9Months/ROS/02-Lab1/build/odometry_path_pkg': CMAKE_PREFIX_PATH=${CMAKE_PREFIX_PATH}:/home/ehab/Documents/ITI_9Months/ROS/02-IMUGeometryMSG/install/obstacle_detection:/opt/ros/humble /usr/bin/cmake --install /home/ehab/Documents/ITI_9Months/ROS/02-Lab1/build/odometry_path_pkg
[7.151s] Level 1:colcon.colcon_core.environment:create_environment_scripts_only(odometry_path_pkg)
[7.151s] Level 1:colcon.colcon_core.environment:checking '/home/ehab/Documents/ITI_9Months/ROS/02-Lab1/install/odometry_path_pkg' for CMake module files
[7.151s] DEBUG:colcon.colcon_core.event_handler.log_command:Invoked command in '/home/ehab/Documents/ITI_9Months/ROS/02-Lab1/build/odometry_path_pkg' returned '0': CMAKE_PREFIX_PATH=${CMAKE_PREFIX_PATH}:/home/ehab/Documents/ITI_9Months/ROS/02-IMUGeometryMSG/install/obstacle_detection:/opt/ros/humble /usr/bin/cmake --install /home/ehab/Documents/ITI_9Months/ROS/02-Lab1/build/odometry_path_pkg
[7.152s] Level 1:colcon.colcon_core.environment:checking '/home/ehab/Documents/ITI_9Months/ROS/02-Lab1/install/odometry_path_pkg' for CMake config files
[7.152s] Level 1:colcon.colcon_core.shell:create_environment_hook('odometry_path_pkg', 'cmake_prefix_path')
[7.152s] INFO:colcon.colcon_core.shell:Creating environment hook '/home/ehab/Documents/ITI_9Months/ROS/02-Lab1/install/odometry_path_pkg/share/odometry_path_pkg/hook/cmake_prefix_path.ps1'
[7.152s] INFO:colcon.colcon_core.shell:Creating environment descriptor '/home/ehab/Documents/ITI_9Months/ROS/02-Lab1/install/odometry_path_pkg/share/odometry_path_pkg/hook/cmake_prefix_path.dsv'
[7.153s] INFO:colcon.colcon_core.shell:Creating environment hook '/home/ehab/Documents/ITI_9Months/ROS/02-Lab1/install/odometry_path_pkg/share/odometry_path_pkg/hook/cmake_prefix_path.sh'
[7.153s] Level 1:colcon.colcon_core.environment:checking '/home/ehab/Documents/ITI_9Months/ROS/02-Lab1/install/odometry_path_pkg/lib'
[7.153s] Level 1:colcon.colcon_core.environment:checking '/home/ehab/Documents/ITI_9Months/ROS/02-Lab1/install/odometry_path_pkg/bin'
[7.153s] Level 1:colcon.colcon_core.environment:checking '/home/ehab/Documents/ITI_9Months/ROS/02-Lab1/install/odometry_path_pkg/lib/pkgconfig/odometry_path_pkg.pc'
[7.154s] Level 1:colcon.colcon_core.environment:checking '/home/ehab/Documents/ITI_9Months/ROS/02-Lab1/install/odometry_path_pkg/lib/python3.10/site-packages'
[7.154s] Level 1:colcon.colcon_core.environment:checking '/home/ehab/Documents/ITI_9Months/ROS/02-Lab1/install/odometry_path_pkg/bin'
[7.154s] INFO:colcon.colcon_core.shell:Creating package script '/home/ehab/Documents/ITI_9Months/ROS/02-Lab1/install/odometry_path_pkg/share/odometry_path_pkg/package.ps1'
[7.154s] INFO:colcon.colcon_core.shell:Creating package descriptor '/home/ehab/Documents/ITI_9Months/ROS/02-Lab1/install/odometry_path_pkg/share/odometry_path_pkg/package.dsv'
[7.155s] INFO:colcon.colcon_core.shell:Creating package script '/home/ehab/Documents/ITI_9Months/ROS/02-Lab1/install/odometry_path_pkg/share/odometry_path_pkg/package.sh'
[7.155s] INFO:colcon.colcon_core.shell:Creating package script '/home/ehab/Documents/ITI_9Months/ROS/02-Lab1/install/odometry_path_pkg/share/odometry_path_pkg/package.bash'
[7.155s] INFO:colcon.colcon_core.shell:Creating package script '/home/ehab/Documents/ITI_9Months/ROS/02-Lab1/install/odometry_path_pkg/share/odometry_path_pkg/package.zsh'
[7.156s] Level 1:colcon.colcon_core.environment:create_file_with_runtime_dependencies(/home/ehab/Documents/ITI_9Months/ROS/02-Lab1/install/odometry_path_pkg/share/colcon-core/packages/odometry_path_pkg)
[7.156s] Level 1:colcon.colcon_core.environment:create_environment_scripts_only(odometry_path_pkg)
[7.156s] Level 1:colcon.colcon_core.environment:checking '/home/ehab/Documents/ITI_9Months/ROS/02-Lab1/install/odometry_path_pkg' for CMake module files
[7.157s] Level 1:colcon.colcon_core.environment:checking '/home/ehab/Documents/ITI_9Months/ROS/02-Lab1/install/odometry_path_pkg' for CMake config files
[7.157s] Level 1:colcon.colcon_core.shell:create_environment_hook('odometry_path_pkg', 'cmake_prefix_path')
[7.157s] INFO:colcon.colcon_core.shell:Creating environment hook '/home/ehab/Documents/ITI_9Months/ROS/02-Lab1/install/odometry_path_pkg/share/odometry_path_pkg/hook/cmake_prefix_path.ps1'
[7.158s] INFO:colcon.colcon_core.shell:Creating environment descriptor '/home/ehab/Documents/ITI_9Months/ROS/02-Lab1/install/odometry_path_pkg/share/odometry_path_pkg/hook/cmake_prefix_path.dsv'
[7.158s] INFO:colcon.colcon_core.shell:Creating environment hook '/home/ehab/Documents/ITI_9Months/ROS/02-Lab1/install/odometry_path_pkg/share/odometry_path_pkg/hook/cmake_prefix_path.sh'
[7.158s] Level 1:colcon.colcon_core.environment:checking '/home/ehab/Documents/ITI_9Months/ROS/02-Lab1/install/odometry_path_pkg/lib'
[7.158s] Level 1:colcon.colcon_core.environment:checking '/home/ehab/Documents/ITI_9Months/ROS/02-Lab1/install/odometry_path_pkg/bin'
[7.158s] Level 1:colcon.colcon_core.environment:checking '/home/ehab/Documents/ITI_9Months/ROS/02-Lab1/install/odometry_path_pkg/lib/pkgconfig/odometry_path_pkg.pc'
[7.159s] Level 1:colcon.colcon_core.environment:checking '/home/ehab/Documents/ITI_9Months/ROS/02-Lab1/install/odometry_path_pkg/lib/python3.10/site-packages'
[7.159s] Level 1:colcon.colcon_core.environment:checking '/home/ehab/Documents/ITI_9Months/ROS/02-Lab1/install/odometry_path_pkg/bin'
[7.159s] INFO:colcon.colcon_core.shell:Creating package script '/home/ehab/Documents/ITI_9Months/ROS/02-Lab1/install/odometry_path_pkg/share/odometry_path_pkg/package.ps1'
[7.159s] INFO:colcon.colcon_core.shell:Creating package descriptor '/home/ehab/Documents/ITI_9Months/ROS/02-Lab1/install/odometry_path_pkg/share/odometry_path_pkg/package.dsv'
[7.160s] INFO:colcon.colcon_core.shell:Creating package script '/home/ehab/Documents/ITI_9Months/ROS/02-Lab1/install/odometry_path_pkg/share/odometry_path_pkg/package.sh'
[7.160s] INFO:colcon.colcon_core.shell:Creating package script '/home/ehab/Documents/ITI_9Months/ROS/02-Lab1/install/odometry_path_pkg/share/odometry_path_pkg/package.bash'
[7.160s] INFO:colcon.colcon_core.shell:Creating package script '/home/ehab/Documents/ITI_9Months/ROS/02-Lab1/install/odometry_path_pkg/share/odometry_path_pkg/package.zsh'
[7.161s] Level 1:colcon.colcon_core.environment:create_file_with_runtime_dependencies(/home/ehab/Documents/ITI_9Months/ROS/02-Lab1/install/odometry_path_pkg/share/colcon-core/packages/odometry_path_pkg)
[7.162s] DEBUG:colcon.colcon_core.event_handler.log_command:Invoked command in '/home/ehab/Documents/ITI_9Months/ROS/02-Lab1/build/temp_pub' returned '0': CMAKE_PREFIX_PATH=${CMAKE_PREFIX_PATH}:/home/ehab/Documents/ITI_9Months/ROS/02-IMUGeometryMSG/install/obstacle_detection:/opt/ros/humble /usr/bin/cmake --build /home/ehab/Documents/ITI_9Months/ROS/02-Lab1/build/temp_pub -- -j16 -l16
[7.163s] DEBUG:colcon.colcon_core.event_handler.log_command:Invoking command in '/home/ehab/Documents/ITI_9Months/ROS/02-Lab1/build/temp_pub': CMAKE_PREFIX_PATH=${CMAKE_PREFIX_PATH}:/home/ehab/Documents/ITI_9Months/ROS/02-IMUGeometryMSG/install/obstacle_detection:/opt/ros/humble /usr/bin/cmake --install /home/ehab/Documents/ITI_9Months/ROS/02-Lab1/build/temp_pub
[7.324s] Level 1:colcon.colcon_core.environment:create_environment_scripts_only(temp_pub)
[7.325s] Level 1:colcon.colcon_core.environment:checking '/home/ehab/Documents/ITI_9Months/ROS/02-Lab1/install/temp_pub' for CMake module files
[7.325s] DEBUG:colcon.colcon_core.event_handler.log_command:Invoked command in '/home/ehab/Documents/ITI_9Months/ROS/02-Lab1/build/temp_pub' returned '0': CMAKE_PREFIX_PATH=${CMAKE_PREFIX_PATH}:/home/ehab/Documents/ITI_9Months/ROS/02-IMUGeometryMSG/install/obstacle_detection:/opt/ros/humble /usr/bin/cmake --install /home/ehab/Documents/ITI_9Months/ROS/02-Lab1/build/temp_pub
[7.325s] Level 1:colcon.colcon_core.environment:checking '/home/ehab/Documents/ITI_9Months/ROS/02-Lab1/install/temp_pub' for CMake config files
[7.326s] Level 1:colcon.colcon_core.shell:create_environment_hook('temp_pub', 'cmake_prefix_path')
[7.326s] INFO:colcon.colcon_core.shell:Creating environment hook '/home/ehab/Documents/ITI_9Months/ROS/02-Lab1/install/temp_pub/share/temp_pub/hook/cmake_prefix_path.ps1'
[7.326s] INFO:colcon.colcon_core.shell:Creating environment descriptor '/home/ehab/Documents/ITI_9Months/ROS/02-Lab1/install/temp_pub/share/temp_pub/hook/cmake_prefix_path.dsv'
[7.327s] INFO:colcon.colcon_core.shell:Creating environment hook '/home/ehab/Documents/ITI_9Months/ROS/02-Lab1/install/temp_pub/share/temp_pub/hook/cmake_prefix_path.sh'
[7.327s] Level 1:colcon.colcon_core.environment:checking '/home/ehab/Documents/ITI_9Months/ROS/02-Lab1/install/temp_pub/lib'
[7.327s] Level 1:colcon.colcon_core.environment:checking '/home/ehab/Documents/ITI_9Months/ROS/02-Lab1/install/temp_pub/bin'
[7.327s] Level 1:colcon.colcon_core.environment:checking '/home/ehab/Documents/ITI_9Months/ROS/02-Lab1/install/temp_pub/lib/pkgconfig/temp_pub.pc'
[7.328s] Level 1:colcon.colcon_core.environment:checking '/home/ehab/Documents/ITI_9Months/ROS/02-Lab1/install/temp_pub/lib/python3.10/site-packages'
[7.328s] Level 1:colcon.colcon_core.environment:checking '/home/ehab/Documents/ITI_9Months/ROS/02-Lab1/install/temp_pub/bin'
[7.328s] INFO:colcon.colcon_core.shell:Creating package script '/home/ehab/Documents/ITI_9Months/ROS/02-Lab1/install/temp_pub/share/temp_pub/package.ps1'
[7.329s] INFO:colcon.colcon_core.shell:Creating package descriptor '/home/ehab/Documents/ITI_9Months/ROS/02-Lab1/install/temp_pub/share/temp_pub/package.dsv'
[7.329s] INFO:colcon.colcon_core.shell:Creating package script '/home/ehab/Documents/ITI_9Months/ROS/02-Lab1/install/temp_pub/share/temp_pub/package.sh'
[7.329s] INFO:colcon.colcon_core.shell:Creating package script '/home/ehab/Documents/ITI_9Months/ROS/02-Lab1/install/temp_pub/share/temp_pub/package.bash'
[7.329s] INFO:colcon.colcon_core.shell:Creating package script '/home/ehab/Documents/ITI_9Months/ROS/02-Lab1/install/temp_pub/share/temp_pub/package.zsh'
[7.330s] Level 1:colcon.colcon_core.environment:create_file_with_runtime_dependencies(/home/ehab/Documents/ITI_9Months/ROS/02-Lab1/install/temp_pub/share/colcon-core/packages/temp_pub)
[7.330s] Level 1:colcon.colcon_core.environment:create_environment_scripts_only(temp_pub)
[7.330s] Level 1:colcon.colcon_core.environment:checking '/home/ehab/Documents/ITI_9Months/ROS/02-Lab1/install/temp_pub' for CMake module files
[7.331s] Level 1:colcon.colcon_core.environment:checking '/home/ehab/Documents/ITI_9Months/ROS/02-Lab1/install/temp_pub' for CMake config files
[7.331s] Level 1:colcon.colcon_core.shell:create_environment_hook('temp_pub', 'cmake_prefix_path')
[7.331s] INFO:colcon.colcon_core.shell:Creating environment hook '/home/ehab/Documents/ITI_9Months/ROS/02-Lab1/install/temp_pub/share/temp_pub/hook/cmake_prefix_path.ps1'
[7.332s] INFO:colcon.colcon_core.shell:Creating environment descriptor '/home/ehab/Documents/ITI_9Months/ROS/02-Lab1/install/temp_pub/share/temp_pub/hook/cmake_prefix_path.dsv'
[7.332s] INFO:colcon.colcon_core.shell:Creating environment hook '/home/ehab/Documents/ITI_9Months/ROS/02-Lab1/install/temp_pub/share/temp_pub/hook/cmake_prefix_path.sh'
[7.333s] Level 1:colcon.colcon_core.environment:checking '/home/ehab/Documents/ITI_9Months/ROS/02-Lab1/install/temp_pub/lib'
[7.333s] Level 1:colcon.colcon_core.environment:checking '/home/ehab/Documents/ITI_9Months/ROS/02-Lab1/install/temp_pub/bin'
[7.333s] Level 1:colcon.colcon_core.environment:checking '/home/ehab/Documents/ITI_9Months/ROS/02-Lab1/install/temp_pub/lib/pkgconfig/temp_pub.pc'
[7.333s] Level 1:colcon.colcon_core.environment:checking '/home/ehab/Documents/ITI_9Months/ROS/02-Lab1/install/temp_pub/lib/python3.10/site-packages'
[7.333s] Level 1:colcon.colcon_core.environment:checking '/home/ehab/Documents/ITI_9Months/ROS/02-Lab1/install/temp_pub/bin'
[7.334s] INFO:colcon.colcon_core.shell:Creating package script '/home/ehab/Documents/ITI_9Months/ROS/02-Lab1/install/temp_pub/share/temp_pub/package.ps1'
[7.334s] INFO:colcon.colcon_core.shell:Creating package descriptor '/home/ehab/Documents/ITI_9Months/ROS/02-Lab1/install/temp_pub/share/temp_pub/package.dsv'
[7.334s] INFO:colcon.colcon_core.shell:Creating package script '/home/ehab/Documents/ITI_9Months/ROS/02-Lab1/install/temp_pub/share/temp_pub/package.sh'
[7.335s] INFO:colcon.colcon_core.shell:Creating package script '/home/ehab/Documents/ITI_9Months/ROS/02-Lab1/install/temp_pub/share/temp_pub/package.bash'
[7.335s] INFO:colcon.colcon_core.shell:Creating package script '/home/ehab/Documents/ITI_9Months/ROS/02-Lab1/install/temp_pub/share/temp_pub/package.zsh'
[7.335s] Level 1:colcon.colcon_core.environment:create_file_with_runtime_dependencies(/home/ehab/Documents/ITI_9Months/ROS/02-Lab1/install/temp_pub/share/colcon-core/packages/temp_pub)
[10.514s] DEBUG:colcon.colcon_core.event_handler.log_command:Invoked command in '/home/ehab/Documents/ITI_9Months/ROS/02-Lab1/build/velocity_pkg' returned '0': CMAKE_PREFIX_PATH=${CMAKE_PREFIX_PATH}:/home/ehab/Documents/ITI_9Months/ROS/02-IMUGeometryMSG/install/obstacle_detection:/opt/ros/humble /usr/bin/cmake --build /home/ehab/Documents/ITI_9Months/ROS/02-Lab1/build/velocity_pkg -- -j16 -l16
[10.515s] DEBUG:colcon.colcon_core.event_handler.log_command:Invoking command in '/home/ehab/Documents/ITI_9Months/ROS/02-Lab1/build/velocity_pkg': CMAKE_PREFIX_PATH=${CMAKE_PREFIX_PATH}:/home/ehab/Documents/ITI_9Months/ROS/02-IMUGeometryMSG/install/obstacle_detection:/opt/ros/humble /usr/bin/cmake --install /home/ehab/Documents/ITI_9Months/ROS/02-Lab1/build/velocity_pkg
[10.659s] Level 1:colcon.colcon_core.environment:create_environment_scripts_only(velocity_pkg)
[10.659s] Level 1:colcon.colcon_core.environment:checking '/home/ehab/Documents/ITI_9Months/ROS/02-Lab1/install/velocity_pkg' for CMake module files
[10.660s] DEBUG:colcon.colcon_core.event_handler.log_command:Invoked command in '/home/ehab/Documents/ITI_9Months/ROS/02-Lab1/build/velocity_pkg' returned '0': CMAKE_PREFIX_PATH=${CMAKE_PREFIX_PATH}:/home/ehab/Documents/ITI_9Months/ROS/02-IMUGeometryMSG/install/obstacle_detection:/opt/ros/humble /usr/bin/cmake --install /home/ehab/Documents/ITI_9Months/ROS/02-Lab1/build/velocity_pkg
[10.660s] Level 1:colcon.colcon_core.environment:checking '/home/ehab/Documents/ITI_9Months/ROS/02-Lab1/install/velocity_pkg' for CMake config files
[10.660s] Level 1:colcon.colcon_core.shell:create_environment_hook('velocity_pkg', 'cmake_prefix_path')
[10.660s] INFO:colcon.colcon_core.shell:Creating environment hook '/home/ehab/Documents/ITI_9Months/ROS/02-Lab1/install/velocity_pkg/share/velocity_pkg/hook/cmake_prefix_path.ps1'
[10.661s] INFO:colcon.colcon_core.shell:Creating environment descriptor '/home/ehab/Documents/ITI_9Months/ROS/02-Lab1/install/velocity_pkg/share/velocity_pkg/hook/cmake_prefix_path.dsv'
[10.661s] INFO:colcon.colcon_core.shell:Creating environment hook '/home/ehab/Documents/ITI_9Months/ROS/02-Lab1/install/velocity_pkg/share/velocity_pkg/hook/cmake_prefix_path.sh'
[10.661s] Level 1:colcon.colcon_core.environment:checking '/home/ehab/Documents/ITI_9Months/ROS/02-Lab1/install/velocity_pkg/lib'
[10.662s] Level 1:colcon.colcon_core.environment:checking '/home/ehab/Documents/ITI_9Months/ROS/02-Lab1/install/velocity_pkg/bin'
[10.662s] Level 1:colcon.colcon_core.environment:checking '/home/ehab/Documents/ITI_9Months/ROS/02-Lab1/install/velocity_pkg/lib/pkgconfig/velocity_pkg.pc'
[10.662s] Level 1:colcon.colcon_core.environment:checking '/home/ehab/Documents/ITI_9Months/ROS/02-Lab1/install/velocity_pkg/lib/python3.10/site-packages'
[10.662s] Level 1:colcon.colcon_core.environment:checking '/home/ehab/Documents/ITI_9Months/ROS/02-Lab1/install/velocity_pkg/bin'
[10.662s] INFO:colcon.colcon_core.shell:Creating package script '/home/ehab/Documents/ITI_9Months/ROS/02-Lab1/install/velocity_pkg/share/velocity_pkg/package.ps1'
[10.663s] INFO:colcon.colcon_core.shell:Creating package descriptor '/home/ehab/Documents/ITI_9Months/ROS/02-Lab1/install/velocity_pkg/share/velocity_pkg/package.dsv'
[10.663s] INFO:colcon.colcon_core.shell:Creating package script '/home/ehab/Documents/ITI_9Months/ROS/02-Lab1/install/velocity_pkg/share/velocity_pkg/package.sh'
[10.663s] INFO:colcon.colcon_core.shell:Creating package script '/home/ehab/Documents/ITI_9Months/ROS/02-Lab1/install/velocity_pkg/share/velocity_pkg/package.bash'
[10.663s] INFO:colcon.colcon_core.shell:Creating package script '/home/ehab/Documents/ITI_9Months/ROS/02-Lab1/install/velocity_pkg/share/velocity_pkg/package.zsh'
[10.664s] Level 1:colcon.colcon_core.environment:create_file_with_runtime_dependencies(/home/ehab/Documents/ITI_9Months/ROS/02-Lab1/install/velocity_pkg/share/colcon-core/packages/velocity_pkg)
[10.664s] Level 1:colcon.colcon_core.environment:create_environment_scripts_only(velocity_pkg)
[10.664s] Level 1:colcon.colcon_core.environment:checking '/home/ehab/Documents/ITI_9Months/ROS/02-Lab1/install/velocity_pkg' for CMake module files
[10.665s] Level 1:colcon.colcon_core.environment:checking '/home/ehab/Documents/ITI_9Months/ROS/02-Lab1/install/velocity_pkg' for CMake config files
[10.665s] Level 1:colcon.colcon_core.shell:create_environment_hook('velocity_pkg', 'cmake_prefix_path')
[10.665s] INFO:colcon.colcon_core.shell:Creating environment hook '/home/ehab/Documents/ITI_9Months/ROS/02-Lab1/install/velocity_pkg/share/velocity_pkg/hook/cmake_prefix_path.ps1'
[10.665s] INFO:colcon.colcon_core.shell:Creating environment descriptor '/home/ehab/Documents/ITI_9Months/ROS/02-Lab1/install/velocity_pkg/share/velocity_pkg/hook/cmake_prefix_path.dsv'
[10.666s] INFO:colcon.colcon_core.shell:Creating environment hook '/home/ehab/Documents/ITI_9Months/ROS/02-Lab1/install/velocity_pkg/share/velocity_pkg/hook/cmake_prefix_path.sh'
[10.666s] Level 1:colcon.colcon_core.environment:checking '/home/ehab/Documents/ITI_9Months/ROS/02-Lab1/install/velocity_pkg/lib'
[10.666s] Level 1:colcon.colcon_core.environment:checking '/home/ehab/Documents/ITI_9Months/ROS/02-Lab1/install/velocity_pkg/bin'
[10.666s] Level 1:colcon.colcon_core.environment:checking '/home/ehab/Documents/ITI_9Months/ROS/02-Lab1/install/velocity_pkg/lib/pkgconfig/velocity_pkg.pc'
[10.666s] Level 1:colcon.colcon_core.environment:checking '/home/ehab/Documents/ITI_9Months/ROS/02-Lab1/install/velocity_pkg/lib/python3.10/site-packages'
[10.666s] Level 1:colcon.colcon_core.environment:checking '/home/ehab/Documents/ITI_9Months/ROS/02-Lab1/install/velocity_pkg/bin'
[10.667s] INFO:colcon.colcon_core.shell:Creating package script '/home/ehab/Documents/ITI_9Months/ROS/02-Lab1/install/velocity_pkg/share/velocity_pkg/package.ps1'
[10.667s] INFO:colcon.colcon_core.shell:Creating package descriptor '/home/ehab/Documents/ITI_9Months/ROS/02-Lab1/install/velocity_pkg/share/velocity_pkg/package.dsv'
[10.667s] INFO:colcon.colcon_core.shell:Creating package script '/home/ehab/Documents/ITI_9Months/ROS/02-Lab1/install/velocity_pkg/share/velocity_pkg/package.sh'
[10.668s] INFO:colcon.colcon_core.shell:Creating package script '/home/ehab/Documents/ITI_9Months/ROS/02-Lab1/install/velocity_pkg/share/velocity_pkg/package.bash'
[10.668s] INFO:colcon.colcon_core.shell:Creating package script '/home/ehab/Documents/ITI_9Months/ROS/02-Lab1/install/velocity_pkg/share/velocity_pkg/package.zsh'
[10.669s] Level 1:colcon.colcon_core.environment:create_file_with_runtime_dependencies(/home/ehab/Documents/ITI_9Months/ROS/02-Lab1/install/velocity_pkg/share/colcon-core/packages/velocity_pkg)
[10.669s] DEBUG:colcon.colcon_parallel_executor.executor.parallel:closing loop
[10.669s] DEBUG:colcon.colcon_parallel_executor.executor.parallel:loop closed
[10.669s] DEBUG:colcon.colcon_parallel_executor.executor.parallel:run_until_complete finished with '0'
[10.669s] DEBUG:colcon.colcon_core.event_reactor:joining thread
[10.682s] INFO:colcon.colcon_core.plugin_system:Skipping extension 'colcon_notification.desktop_notification.terminal_notifier': Not used on non-Darwin systems
[10.682s] INFO:colcon.colcon_core.plugin_system:Skipping extension 'colcon_notification.desktop_notification.win32': Not used on non-Windows systems
[10.682s] INFO:colcon.colcon_notification.desktop_notification:Sending desktop notification using 'notify2'
[10.759s] DEBUG:colcon.colcon_core.event_reactor:joined thread
[10.760s] INFO:colcon.colcon_core.shell:Creating prefix script '/home/ehab/Documents/ITI_9Months/ROS/02-Lab1/install/local_setup.ps1'
[10.761s] INFO:colcon.colcon_core.shell:Creating prefix util module '/home/ehab/Documents/ITI_9Months/ROS/02-Lab1/install/_local_setup_util_ps1.py'
[10.762s] INFO:colcon.colcon_core.shell:Creating prefix chain script '/home/ehab/Documents/ITI_9Months/ROS/02-Lab1/install/setup.ps1'
[10.763s] INFO:colcon.colcon_core.shell:Creating prefix script '/home/ehab/Documents/ITI_9Months/ROS/02-Lab1/install/local_setup.sh'
[10.764s] INFO:colcon.colcon_core.shell:Creating prefix util module '/home/ehab/Documents/ITI_9Months/ROS/02-Lab1/install/_local_setup_util_sh.py'
[10.764s] INFO:colcon.colcon_core.shell:Creating prefix chain script '/home/ehab/Documents/ITI_9Months/ROS/02-Lab1/install/setup.sh'
[10.765s] INFO:colcon.colcon_core.shell:Creating prefix script '/home/ehab/Documents/ITI_9Months/ROS/02-Lab1/install/local_setup.bash'
[10.766s] INFO:colcon.colcon_core.shell:Creating prefix chain script '/home/ehab/Documents/ITI_9Months/ROS/02-Lab1/install/setup.bash'
[10.767s] INFO:colcon.colcon_core.shell:Creating prefix script '/home/ehab/Documents/ITI_9Months/ROS/02-Lab1/install/local_setup.zsh'
[10.767s] INFO:colcon.colcon_core.shell:Creating prefix chain script '/home/ehab/Documents/ITI_9Months/ROS/02-Lab1/install/setup.zsh'
