running develop
running egg_info
creating obstacle_detection.egg-info
writing obstacle_detection.egg-info/PKG-INFO
writing dependency_links to obstacle_detection.egg-info/dependency_links.txt
writing entry points to obstacle_detection.egg-info/entry_points.txt
writing requirements to obstacle_detection.egg-info/requires.txt
writing top-level names to obstacle_detection.egg-info/top_level.txt
writing manifest file 'obstacle_detection.egg-info/SOURCES.txt'
reading manifest file 'obstacle_detection.egg-info/SOURCES.txt'
writing manifest file 'obstacle_detection.egg-info/SOURCES.txt'
running build_ext
Creating /home/ehab/Documents/ITI_9Months/ROS/02-Lab1/install/obstacle_detection/lib/python3.10/site-packages/obstacle-detection.egg-link (link to .)
Installing obsDetect script to /home/ehab/Documents/ITI_9Months/ROS/02-Lab1/install/obstacle_detection/lib/obstacle_detection
Installing obsDetectSub script to /home/ehab/Documents/ITI_9Months/ROS/02-Lab1/install/obstacle_detection/lib/obstacle_detection

Installed /home/ehab/Documents/ITI_9Months/ROS/02-Lab1/build/obstacle_detection
running symlink_data
creating /home/ehab/Documents/ITI_9Months/ROS/02-Lab1/install/obstacle_detection/share/ament_index/resource_index/packages
symbolically linking /home/ehab/Documents/ITI_9Months/ROS/02-Lab1/build/obstacle_detection/resource/obstacle_detection -> /home/ehab/Documents/ITI_9Months/ROS/02-Lab1/install/obstacle_detection/share/ament_index/resource_index/packages
symbolically linking /home/ehab/Documents/ITI_9Months/ROS/02-Lab1/build/obstacle_detection/package.xml -> /home/ehab/Documents/ITI_9Months/ROS/02-Lab1/install/obstacle_detection/share/obstacle_detection
creating /home/ehab/Documents/ITI_9Months/ROS/02-Lab1/install/obstacle_detection/share/obstacle_detection/launch
symbolically linking /home/ehab/Documents/ITI_9Months/ROS/02-Lab1/build/obstacle_detection/launch/obstacle.launch.py -> /home/ehab/Documents/ITI_9Months/ROS/02-Lab1/install/obstacle_detection/share/obstacle_detection/launch
