[1.268s] Invoking command in '/home/ehab/Documents/ITI_9Months/ROS/02-Lab1/build/obstacle_detection': PYTHONPATH=/home/ehab/Documents/ITI_9Months/ROS/02-Lab1/build/obstacle_detection/prefix_override:/usr/lib/python3/dist-packages/colcon_core/task/python/colcon_distutils_commands:/home/ehab/Documents/ITI_9Months/ROS/02-Lab1/install/obstacle_detection/lib/python3.10/site-packages:${PYTHONPATH} /usr/bin/python3 -W ignore:setup.py install is deprecated -W ignore:easy_install command is deprecated setup.py develop --editable --build-directory /home/ehab/Documents/ITI_9Months/ROS/02-Lab1/build/obstacle_detection/build --no-deps symlink_data
[1.663s] running develop
[1.937s] running egg_info
[1.963s] creating obstacle_detection.egg-info
[1.963s] writing obstacle_detection.egg-info/PKG-INFO
[1.963s] writing dependency_links to obstacle_detection.egg-info/dependency_links.txt
[1.963s] writing entry points to obstacle_detection.egg-info/entry_points.txt
[1.964s] writing requirements to obstacle_detection.egg-info/requires.txt
[1.964s] writing top-level names to obstacle_detection.egg-info/top_level.txt
[1.968s] writing manifest file 'obstacle_detection.egg-info/SOURCES.txt'
[2.079s] reading manifest file 'obstacle_detection.egg-info/SOURCES.txt'
[2.080s] writing manifest file 'obstacle_detection.egg-info/SOURCES.txt'
[2.101s] running build_ext
[2.102s] Creating /home/ehab/Documents/ITI_9Months/ROS/02-Lab1/install/obstacle_detection/lib/python3.10/site-packages/obstacle-detection.egg-link (link to .)
[2.102s] Installing obsDetect script to /home/ehab/Documents/ITI_9Months/ROS/02-Lab1/install/obstacle_detection/lib/obstacle_detection
[2.102s] Installing obsDetectSub script to /home/ehab/Documents/ITI_9Months/ROS/02-Lab1/install/obstacle_detection/lib/obstacle_detection
[2.103s] 
[2.103s] Installed /home/ehab/Documents/ITI_9Months/ROS/02-Lab1/build/obstacle_detection
[2.103s] running symlink_data
[2.103s] creating /home/ehab/Documents/ITI_9Months/ROS/02-Lab1/install/obstacle_detection/share/ament_index/resource_index/packages
[2.103s] symbolically linking /home/ehab/Documents/ITI_9Months/ROS/02-Lab1/build/obstacle_detection/resource/obstacle_detection -> /home/ehab/Documents/ITI_9Months/ROS/02-Lab1/install/obstacle_detection/share/ament_index/resource_index/packages
[2.103s] symbolically linking /home/ehab/Documents/ITI_9Months/ROS/02-Lab1/build/obstacle_detection/package.xml -> /home/ehab/Documents/ITI_9Months/ROS/02-Lab1/install/obstacle_detection/share/obstacle_detection
[2.103s] creating /home/ehab/Documents/ITI_9Months/ROS/02-Lab1/install/obstacle_detection/share/obstacle_detection/launch
[2.103s] symbolically linking /home/ehab/Documents/ITI_9Months/ROS/02-Lab1/build/obstacle_detection/launch/obstacle.launch.py -> /home/ehab/Documents/ITI_9Months/ROS/02-Lab1/install/obstacle_detection/share/obstacle_detection/launch
[2.150s] Invoked command in '/home/ehab/Documents/ITI_9Months/ROS/02-Lab1/build/obstacle_detection' returned '0': PYTHONPATH=/home/ehab/Documents/ITI_9Months/ROS/02-Lab1/build/obstacle_detection/prefix_override:/usr/lib/python3/dist-packages/colcon_core/task/python/colcon_distutils_commands:/home/ehab/Documents/ITI_9Months/ROS/02-Lab1/install/obstacle_detection/lib/python3.10/site-packages:${PYTHONPATH} /usr/bin/python3 -W ignore:setup.py install is deprecated -W ignore:easy_install command is deprecated setup.py develop --editable --build-directory /home/ehab/Documents/ITI_9Months/ROS/02-Lab1/build/obstacle_detection/build --no-deps symlink_data
